Archive member included to satisfy reference by file (symbol)

/opt/st/stm32cubeide_1.4.0/plugins/com.st.stm32cube.ide.mcu.externaltools.gnu-tools-for-stm32.7-2018-q2-update.linux64_1.4.0.202007081208/tools/bin/../lib/gcc/arm-none-eabi/7.3.1/../../../../arm-none-eabi/lib/thumb/v7e-m/fpv4-sp/hard/libc_nano.a(lib_a-errno.o)
                              Core/Src/syscalls.o (__errno)
/opt/st/stm32cubeide_1.4.0/plugins/com.st.stm32cube.ide.mcu.externaltools.gnu-tools-for-stm32.7-2018-q2-update.linux64_1.4.0.202007081208/tools/bin/../lib/gcc/arm-none-eabi/7.3.1/../../../../arm-none-eabi/lib/thumb/v7e-m/fpv4-sp/hard/libc_nano.a(lib_a-exit.o)
                              /opt/st/stm32cubeide_1.4.0/plugins/com.st.stm32cube.ide.mcu.externaltools.gnu-tools-for-stm32.7-2018-q2-update.linux64_1.4.0.202007081208/tools/bin/../lib/gcc/arm-none-eabi/7.3.1/../../../../arm-none-eabi/lib/thumb/v7e-m/fpv4-sp/hard/crt0.o (exit)
/opt/st/stm32cubeide_1.4.0/plugins/com.st.stm32cube.ide.mcu.externaltools.gnu-tools-for-stm32.7-2018-q2-update.linux64_1.4.0.202007081208/tools/bin/../lib/gcc/arm-none-eabi/7.3.1/../../../../arm-none-eabi/lib/thumb/v7e-m/fpv4-sp/hard/libc_nano.a(lib_a-impure.o)
                              /opt/st/stm32cubeide_1.4.0/plugins/com.st.stm32cube.ide.mcu.externaltools.gnu-tools-for-stm32.7-2018-q2-update.linux64_1.4.0.202007081208/tools/bin/../lib/gcc/arm-none-eabi/7.3.1/../../../../arm-none-eabi/lib/thumb/v7e-m/fpv4-sp/hard/libc_nano.a(lib_a-exit.o) (_global_impure_ptr)
/opt/st/stm32cubeide_1.4.0/plugins/com.st.stm32cube.ide.mcu.externaltools.gnu-tools-for-stm32.7-2018-q2-update.linux64_1.4.0.202007081208/tools/bin/../lib/gcc/arm-none-eabi/7.3.1/../../../../arm-none-eabi/lib/thumb/v7e-m/fpv4-sp/hard/libc_nano.a(lib_a-init.o)
                              /opt/st/stm32cubeide_1.4.0/plugins/com.st.stm32cube.ide.mcu.externaltools.gnu-tools-for-stm32.7-2018-q2-update.linux64_1.4.0.202007081208/tools/bin/../lib/gcc/arm-none-eabi/7.3.1/../../../../arm-none-eabi/lib/thumb/v7e-m/fpv4-sp/hard/crt0.o (__libc_init_array)
/opt/st/stm32cubeide_1.4.0/plugins/com.st.stm32cube.ide.mcu.externaltools.gnu-tools-for-stm32.7-2018-q2-update.linux64_1.4.0.202007081208/tools/bin/../lib/gcc/arm-none-eabi/7.3.1/../../../../arm-none-eabi/lib/thumb/v7e-m/fpv4-sp/hard/libc_nano.a(lib_a-memcpy-stub.o)
                              Middlewares/Third_Party/FreeRTOS/Source/CMSIS_RTOS_V2/cmsis_os2.o (memcpy)
/opt/st/stm32cubeide_1.4.0/plugins/com.st.stm32cube.ide.mcu.externaltools.gnu-tools-for-stm32.7-2018-q2-update.linux64_1.4.0.202007081208/tools/bin/../lib/gcc/arm-none-eabi/7.3.1/../../../../arm-none-eabi/lib/thumb/v7e-m/fpv4-sp/hard/libc_nano.a(lib_a-memset.o)
                              /opt/st/stm32cubeide_1.4.0/plugins/com.st.stm32cube.ide.mcu.externaltools.gnu-tools-for-stm32.7-2018-q2-update.linux64_1.4.0.202007081208/tools/bin/../lib/gcc/arm-none-eabi/7.3.1/../../../../arm-none-eabi/lib/thumb/v7e-m/fpv4-sp/hard/crt0.o (memset)
/opt/st/stm32cubeide_1.4.0/plugins/com.st.stm32cube.ide.mcu.externaltools.gnu-tools-for-stm32.7-2018-q2-update.linux64_1.4.0.202007081208/tools/bin/../lib/gcc/arm-none-eabi/7.3.1/thumb/v7e-m/fpv4-sp/hard/libgcc.a(_aeabi_uldivmod.o)
                              Drivers/STM32G4xx_HAL_Driver/Src/stm32g4xx_hal_uart.o (__aeabi_uldivmod)
/opt/st/stm32cubeide_1.4.0/plugins/com.st.stm32cube.ide.mcu.externaltools.gnu-tools-for-stm32.7-2018-q2-update.linux64_1.4.0.202007081208/tools/bin/../lib/gcc/arm-none-eabi/7.3.1/thumb/v7e-m/fpv4-sp/hard/libgcc.a(_udivmoddi4.o)
                              /opt/st/stm32cubeide_1.4.0/plugins/com.st.stm32cube.ide.mcu.externaltools.gnu-tools-for-stm32.7-2018-q2-update.linux64_1.4.0.202007081208/tools/bin/../lib/gcc/arm-none-eabi/7.3.1/thumb/v7e-m/fpv4-sp/hard/libgcc.a(_aeabi_uldivmod.o) (__udivmoddi4)
/opt/st/stm32cubeide_1.4.0/plugins/com.st.stm32cube.ide.mcu.externaltools.gnu-tools-for-stm32.7-2018-q2-update.linux64_1.4.0.202007081208/tools/bin/../lib/gcc/arm-none-eabi/7.3.1/thumb/v7e-m/fpv4-sp/hard/libgcc.a(_dvmd_tls.o)
                              /opt/st/stm32cubeide_1.4.0/plugins/com.st.stm32cube.ide.mcu.externaltools.gnu-tools-for-stm32.7-2018-q2-update.linux64_1.4.0.202007081208/tools/bin/../lib/gcc/arm-none-eabi/7.3.1/thumb/v7e-m/fpv4-sp/hard/libgcc.a(_aeabi_uldivmod.o) (__aeabi_ldiv0)

Allocating common symbols
Common symbol       size              file

defaultTaskHandle   0x4               Core/Src/app_freertos.o
receive_buff        0xff              Core/Src/usart.o
huart3              0x8c              Core/Src/usart.o
uwTick              0x4               Drivers/STM32G4xx_HAL_Driver/Src/stm32g4xx_hal.o
xQueueRegistry      0x40              Middlewares/Third_Party/FreeRTOS/Source/queue.o
hlpuart1            0x8c              Core/Src/usart.o
huart1              0x8c              Core/Src/usart.o
hfdcan1             0x64              Core/Src/fdcan.o
htim1               0x4c              Core/Src/stm32g4xx_hal_timebase_tim.o
[...]
Memory Configuration

Name             Origin             Length             Attributes
RAM              0x0000000020000000 0x0000000000008000 xrw
FLASH            0x0000000008000000 0x0000000000020000 xr
*default*        0x0000000000000000 0xffffffffffffffff

Linker script and memory map

LOAD /opt/st/stm32cubeide_1.4.0/plugins/com.st.stm32cube.ide.mcu.externaltools.gnu-tools-for-stm32.7-2018-q2-update.linux64_1.4.0.202007081208/tools/bin/../lib/gcc/arm-none-eabi/7.3.1/thumb/v7e-m/fpv4-sp/hard/crti.o
LOAD /opt/st/stm32cubeide_1.4.0/plugins/com.st.stm32cube.ide.mcu.externaltools.gnu-tools-for-stm32.7-2018-q2-update.linux64_1.4.0.202007081208/tools/bin/../lib/gcc/arm-none-eabi/7.3.1/thumb/v7e-m/fpv4-sp/hard/crtbegin.o
LOAD /opt/st/stm32cubeide_1.4.0/plugins/com.st.stm32cube.ide.mcu.externaltools.gnu-tools-for-stm32.7-2018-q2-update.linux64_1.4.0.202007081208/tools/bin/../lib/gcc/arm-none-eabi/7.3.1/../../../../arm-none-eabi/lib/thumb/v7e-m/fpv4-sp/hard/crt0.o
LOAD Core/Src/app_freertos.o
LOAD Core/Src/dma.o
LOAD Core/Src/fdcan.o
LOAD Core/Src/gpio.o
LOAD Core/Src/main.o
LOAD Core/Src/stm32g4xx_hal_msp.o
LOAD Core/Src/stm32g4xx_hal_timebase_tim.o
LOAD Core/Src/stm32g4xx_it.o
LOAD Core/Src/syscalls.o
LOAD Core/Src/sysmem.o
LOAD Core/Src/system_stm32g4xx.o
LOAD Core/Src/usart.o
LOAD Core/Startup/startup_stm32g431rbtx.o
LOAD Drivers/STM32G4xx_HAL_Driver/Src/stm32g4xx_hal.o
LOAD Drivers/STM32G4xx_HAL_Driver/Src/stm32g4xx_hal_cortex.o
LOAD Drivers/STM32G4xx_HAL_Driver/Src/stm32g4xx_hal_dma.o
LOAD Drivers/STM32G4xx_HAL_Driver/Src/stm32g4xx_hal_dma_ex.o
LOAD Drivers/STM32G4xx_HAL_Driver/Src/stm32g4xx_hal_exti.o
LOAD Drivers/STM32G4xx_HAL_Driver/Src/stm32g4xx_hal_fdcan.o
LOAD Drivers/STM32G4xx_HAL_Driver/Src/stm32g4xx_hal_flash.o
LOAD Drivers/STM32G4xx_HAL_Driver/Src/stm32g4xx_hal_flash_ex.o
LOAD Drivers/STM32G4xx_HAL_Driver/Src/stm32g4xx_hal_flash_ramfunc.o
LOAD Drivers/STM32G4xx_HAL_Driver/Src/stm32g4xx_hal_gpio.o
LOAD Drivers/STM32G4xx_HAL_Driver/Src/stm32g4xx_hal_pwr.o
LOAD Drivers/STM32G4xx_HAL_Driver/Src/stm32g4xx_hal_pwr_ex.o
LOAD Drivers/STM32G4xx_HAL_Driver/Src/stm32g4xx_hal_rcc.o
LOAD Drivers/STM32G4xx_HAL_Driver/Src/stm32g4xx_hal_rcc_ex.o
LOAD Drivers/STM32G4xx_HAL_Driver/Src/stm32g4xx_hal_tim.o
LOAD Drivers/STM32G4xx_HAL_Driver/Src/stm32g4xx_hal_tim_ex.o
LOAD Drivers/STM32G4xx_HAL_Driver/Src/stm32g4xx_hal_uart.o
LOAD Drivers/STM32G4xx_HAL_Driver/Src/stm32g4xx_hal_uart_ex.o
LOAD Middlewares/Third_Party/FreeRTOS/Source/CMSIS_RTOS_V2/cmsis_os2.o
LOAD Middlewares/Third_Party/FreeRTOS/Source/croutine.o
LOAD Middlewares/Third_Party/FreeRTOS/Source/event_groups.o
LOAD Middlewares/Third_Party/FreeRTOS/Source/list.o
LOAD Middlewares/Third_Party/FreeRTOS/Source/queue.o
LOAD Middlewares/Third_Party/FreeRTOS/Source/stream_buffer.o
LOAD Middlewares/Third_Party/FreeRTOS/Source/tasks.o
LOAD Middlewares/Third_Party/FreeRTOS/Source/timers.o
LOAD Middlewares/Third_Party/FreeRTOS/Source/portable/GCC/ARM_CM4F/port.o
LOAD Middlewares/Third_Party/FreeRTOS/Source/portable/MemMang/heap_4.o
START GROUP
LOAD /opt/st/stm32cubeide_1.4.0/plugins/com.st.stm32cube.ide.mcu.externaltools.gnu-tools-for-stm32.7-2018-q2-update.linux64_1.4.0.202007081208/tools/bin/../lib/gcc/arm-none-eabi/7.3.1/../../../../arm-none-eabi/lib/thumb/v7e-m/fpv4-sp/hard/libstdc++_nano.a
LOAD /opt/st/stm32cubeide_1.4.0/plugins/com.st.stm32cube.ide.mcu.externaltools.gnu-tools-for-stm32.7-2018-q2-update.linux64_1.4.0.202007081208/tools/bin/../lib/gcc/arm-none-eabi/7.3.1/../../../../arm-none-eabi/lib/thumb/v7e-m/fpv4-sp/hard/libsupc++_nano.a
END GROUP
LOAD /opt/st/stm32cubeide_1.4.0/plugins/com.st.stm32cube.ide.mcu.externaltools.gnu-tools-for-stm32.7-2018-q2-update.linux64_1.4.0.202007081208/tools/bin/../lib/gcc/arm-none-eabi/7.3.1/../../../../arm-none-eabi/lib/thumb/v7e-m/fpv4-sp/hard/libstdc++_nano.a
LOAD /opt/st/stm32cubeide_1.4.0/plugins/com.st.stm32cube.ide.mcu.externaltools.gnu-tools-for-stm32.7-2018-q2-update.linux64_1.4.0.202007081208/tools/bin/../lib/gcc/arm-none-eabi/7.3.1/../../../../arm-none-eabi/lib/thumb/v7e-m/fpv4-sp/hard/libm.a
LOAD /opt/st/stm32cubeide_1.4.0/plugins/com.st.stm32cube.ide.mcu.externaltools.gnu-tools-for-stm32.7-2018-q2-update.linux64_1.4.0.202007081208/tools/bin/../lib/gcc/arm-none-eabi/7.3.1/../../../../arm-none-eabi/lib/thumb/v7e-m/fpv4-sp/hard/libc_nano.a
START GROUP
LOAD /opt/st/stm32cubeide_1.4.0/plugins/com.st.stm32cube.ide.mcu.externaltools.gnu-tools-for-stm32.7-2018-q2-update.linux64_1.4.0.202007081208/tools/bin/../lib/gcc/arm-none-eabi/7.3.1/thumb/v7e-m/fpv4-sp/hard/libgcc.a
LOAD /opt/st/stm32cubeide_1.4.0/plugins/com.st.stm32cube.ide.mcu.externaltools.gnu-tools-for-stm32.7-2018-q2-update.linux64_1.4.0.202007081208/tools/bin/../lib/gcc/arm-none-eabi/7.3.1/../../../../arm-none-eabi/lib/thumb/v7e-m/fpv4-sp/hard/libc_nano.a
END GROUP
START GROUP
LOAD /opt/st/stm32cubeide_1.4.0/plugins/com.st.stm32cube.ide.mcu.externaltools.gnu-tools-for-stm32.7-2018-q2-update.linux64_1.4.0.202007081208/tools/bin/../lib/gcc/arm-none-eabi/7.3.1/thumb/v7e-m/fpv4-sp/hard/libgcc.a
LOAD /opt/st/stm32cubeide_1.4.0/plugins/com.st.stm32cube.ide.mcu.externaltools.gnu-tools-for-stm32.7-2018-q2-update.linux64_1.4.0.202007081208/tools/bin/../lib/gcc/arm-none-eabi/7.3.1/../../../../arm-none-eabi/lib/thumb/v7e-m/fpv4-sp/hard/libc_nano.a
LOAD /opt/st/stm32cubeide_1.4.0/plugins/com.st.stm32cube.ide.mcu.externaltools.gnu-tools-for-stm32.7-2018-q2-update.linux64_1.4.0.202007081208/tools/bin/../lib/gcc/arm-none-eabi/7.3.1/../../../../arm-none-eabi/lib/thumb/v7e-m/fpv4-sp/hard/libnosys.a
END GROUP
START GROUP
LOAD /opt/st/stm32cubeide_1.4.0/plugins/com.st.stm32cube.ide.mcu.externaltools.gnu-tools-for-stm32.7-2018-q2-update.linux64_1.4.0.202007081208/tools/bin/../lib/gcc/arm-none-eabi/7.3.1/thumb/v7e-m/fpv4-sp/hard/libgcc.a
LOAD /opt/st/stm32cubeide_1.4.0/plugins/com.st.stm32cube.ide.mcu.externaltools.gnu-tools-for-stm32.7-2018-q2-update.linux64_1.4.0.202007081208/tools/bin/../lib/gcc/arm-none-eabi/7.3.1/../../../../arm-none-eabi/lib/thumb/v7e-m/fpv4-sp/hard/libc_nano.a
LOAD /opt/st/stm32cubeide_1.4.0/plugins/com.st.stm32cube.ide.mcu.externaltools.gnu-tools-for-stm32.7-2018-q2-update.linux64_1.4.0.202007081208/tools/bin/../lib/gcc/arm-none-eabi/7.3.1/../../../../arm-none-eabi/lib/thumb/v7e-m/fpv4-sp/hard/libnosys.a
END GROUP
LOAD /opt/st/stm32cubeide_1.4.0/plugins/com.st.stm32cube.ide.mcu.externaltools.gnu-tools-for-stm32.7-2018-q2-update.linux64_1.4.0.202007081208/tools/bin/../lib/gcc/arm-none-eabi/7.3.1/thumb/v7e-m/fpv4-sp/hard/crtend.o
LOAD /opt/st/stm32cubeide_1.4.0/plugins/com.st.stm32cube.ide.mcu.externaltools.gnu-tools-for-stm32.7-2018-q2-update.linux64_1.4.0.202007081208/tools/bin/../lib/gcc/arm-none-eabi/7.3.1/thumb/v7e-m/fpv4-sp/hard/crtn.o
                0x0000000020008000                _estack = (ORIGIN (RAM) + LENGTH (RAM))
                0x0000000000000200                _Min_Heap_Size = 0x200
                0x0000000000000400                _Min_Stack_Size = 0x400

.isr_vector     0x0000000008000000      0x1d8
                0x0000000008000000                . = ALIGN (0x4)
 *(.isr_vector)
 .isr_vector    0x0000000008000000      0x1d8 Core/Startup/startup_stm32g431rbtx.o
                0x0000000008000000                g_pfnVectors
                0x00000000080001d8                . = ALIGN (0x4)

.text           0x00000000080001e0     0x6ff4
                0x00000000080001e0                . = ALIGN (0x4)
 *(.text)
 .text          0x00000000080001e0       0x40 /opt/st/stm32cubeide_1.4.0/plugins/com.st.stm32cube.ide.mcu.externaltools.gnu-tools-for-stm32.7-2018-q2-update.linux64_1.4.0.202007081208/tools/bin/../lib/gcc/arm-none-eabi/7.3.1/thumb/v7e-m/fpv4-sp/hard/crtbegin.o
 .text          0x0000000008000220       0x30 /opt/st/stm32cubeide_1.4.0/plugins/com.st.stm32cube.ide.mcu.externaltools.gnu-tools-for-stm32.7-2018-q2-update.linux64_1.4.0.202007081208/tools/bin/../lib/gcc/arm-none-eabi/7.3.1/thumb/v7e-m/fpv4-sp/hard/libgcc.a(_aeabi_uldivmod.o)
                0x0000000008000220                __aeabi_uldivmod
 .text          0x0000000008000250      0x2cc /opt/st/stm32cubeide_1.4.0/plugins/com.st.stm32cube.ide.mcu.externaltools.gnu-tools-for-stm32.7-2018-q2-update.linux64_1.4.0.202007081208/tools/bin/../lib/gcc/arm-none-eabi/7.3.1/thumb/v7e-m/fpv4-sp/hard/libgcc.a(_udivmoddi4.o)
                0x0000000008000250                __udivmoddi4
 .text          0x000000000800051c        0x4 /opt/st/stm32cubeide_1.4.0/plugins/com.st.stm32cube.ide.mcu.externaltools.gnu-tools-for-stm32.7-2018-q2-update.linux64_1.4.0.202007081208/tools/bin/../lib/gcc/arm-none-eabi/7.3.1/thumb/v7e-m/fpv4-sp/hard/libgcc.a(_dvmd_tls.o)
                0x000000000800051c                __aeabi_ldiv0
                0x000000000800051c                __aeabi_idiv0
 *(.text*)
 .text.MX_FREERTOS_Init
                0x0000000008000520       0x24 Core/Src/app_freertos.o
                0x0000000008000520                MX_FREERTOS_Init
 .text.StartDefaultTask
                0x0000000008000544       0x10 Core/Src/app_freertos.o
                0x0000000008000544                StartDefaultTask
 .text.MX_DMA_Init
                0x0000000008000554       0x54 Core/Src/dma.o
                0x0000000008000554                MX_DMA_Init
 .text.MX_FDCAN1_Init
                0x00000000080005a8       0x8c Core/Src/fdcan.o
                0x00000000080005a8                MX_FDCAN1_Init
 .text.HAL_FDCAN_MspInit
                0x0000000008000634       0x88 Core/Src/fdcan.o
                0x0000000008000634                HAL_FDCAN_MspInit
 .text.MX_GPIO_Init
                0x00000000080006bc       0xd0 Core/Src/gpio.o
                0x00000000080006bc                MX_GPIO_Init
 .text.main     0x000000000800078c       0x36 Core/Src/main.o
                0x000000000800078c                main
 .text.SystemClock_Config
                0x00000000080007c2       0xdc Core/Src/main.o
                0x00000000080007c2                SystemClock_Config
 *fill*         0x000000000800089e        0x2 
 .text.HAL_TIM_PeriodElapsedCallback
                0x00000000080008a0       0x24 Core/Src/main.o
                0x00000000080008a0                HAL_TIM_PeriodElapsedCallback
 .text.Error_Handler
                0x00000000080008c4        0xe Core/Src/main.o
                0x00000000080008c4                Error_Handler
 *fill*         0x00000000080008d2        0x2 
 .text.HAL_MspInit
                0x00000000080008d4       0x48 Core/Src/stm32g4xx_hal_msp.o
                0x00000000080008d4                HAL_MspInit
 .text.HAL_InitTick
                0x000000000800091c       0xe0 Core/Src/stm32g4xx_hal_timebase_tim.o
                0x000000000800091c                HAL_InitTick
 .text.NMI_Handler
                0x00000000080009fc        0xe Core/Src/stm32g4xx_it.o
                0x00000000080009fc                NMI_Handler
 .text.HardFault_Handler
                0x0000000008000a0a        0x6 Core/Src/stm32g4xx_it.o
                0x0000000008000a0a                HardFault_Handler
 .text.MemManage_Handler
                0x0000000008000a10        0x6 Core/Src/stm32g4xx_it.o
                0x0000000008000a10                MemManage_Handler
 .text.BusFault_Handler
                0x0000000008000a16        0x6 Core/Src/stm32g4xx_it.o
                0x0000000008000a16                BusFault_Handler
 .text.UsageFault_Handler
                0x0000000008000a1c        0x6 Core/Src/stm32g4xx_it.o
                0x0000000008000a1c                UsageFault_Handler
 .text.DebugMon_Handler
                0x0000000008000a22        0xe Core/Src/stm32g4xx_it.o
                0x0000000008000a22                DebugMon_Handler
 .text.DMA1_Channel1_IRQHandler
                0x0000000008000a30       0x14 Core/Src/stm32g4xx_it.o
                0x0000000008000a30                DMA1_Channel1_IRQHandler
 .text.TIM1_UP_TIM16_IRQHandler
                0x0000000008000a44       0x14 Core/Src/stm32g4xx_it.o
                0x0000000008000a44                TIM1_UP_TIM16_IRQHandler
 .text.USART1_IRQHandler
                0x0000000008000a58       0x14 Core/Src/stm32g4xx_it.o
                0x0000000008000a58                USART1_IRQHandler
 .text.USART3_IRQHandler
                0x0000000008000a6c       0x14 Core/Src/stm32g4xx_it.o
                0x0000000008000a6c                USART3_IRQHandler
 .text.UART4_IRQHandler
                0x0000000008000a80       0x14 Core/Src/stm32g4xx_it.o
                0x0000000008000a80                UART4_IRQHandler
 .text.LPUART1_IRQHandler
                0x0000000008000a94       0x14 Core/Src/stm32g4xx_it.o
                0x0000000008000a94                LPUART1_IRQHandler
 .text.SystemInit
                0x0000000008000aa8       0x2c Core/Src/system_stm32g4xx.o
                0x0000000008000aa8                SystemInit
 .text.MX_LPUART1_UART_Init
                0x0000000008000ad4       0x8c Core/Src/usart.o
                0x0000000008000ad4                MX_LPUART1_UART_Init
 .text.MX_UART4_Init
                0x0000000008000b60       0x98 Core/Src/usart.o
                0x0000000008000b60                MX_UART4_Init
 .text.MX_USART1_UART_Init
                0x0000000008000bf8       0x98 Core/Src/usart.o
                0x0000000008000bf8                MX_USART1_UART_Init
 .text.MX_USART3_UART_Init
                0x0000000008000c90       0x98 Core/Src/usart.o
                0x0000000008000c90                MX_USART3_UART_Init
 .text.HAL_UART_MspInit
                0x0000000008000d28      0x2a0 Core/Src/usart.o
                0x0000000008000d28                HAL_UART_MspInit
 .text.Reset_Handler
                0x0000000008000fc8       0x50 Core/Startup/startup_stm32g431rbtx.o
                0x0000000008000fc8                Reset_Handler
 .text.Default_Handler
                0x0000000008001018        0x2 Core/Startup/startup_stm32g431rbtx.o
                0x0000000008001018                RTC_Alarm_IRQHandler
                0x0000000008001018                EXTI2_IRQHandler
                0x0000000008001018                TIM8_TRG_COM_IRQHandler
                0x0000000008001018                TIM8_CC_IRQHandler
                0x0000000008001018                TIM1_CC_IRQHandler
                0x0000000008001018                USB_HP_IRQHandler
                0x0000000008001018                CORDIC_IRQHandler
                0x0000000008001018                EXTI3_IRQHandler
                0x0000000008001018                I2C3_ER_IRQHandler
                0x0000000008001018                EXTI0_IRQHandler
                0x0000000008001018                I2C2_EV_IRQHandler
                0x0000000008001018                FPU_IRQHandler
                0x0000000008001018                FDCAN1_IT1_IRQHandler
                0x0000000008001018                ADC1_2_IRQHandler
                0x0000000008001018                SPI1_IRQHandler
                0x0000000008001018                TIM6_DAC_IRQHandler
                0x0000000008001018                TIM8_UP_IRQHandler
                0x0000000008001018                DMA2_Channel2_IRQHandler
                0x0000000008001018                DMA1_Channel4_IRQHandler
                0x0000000008001018                TIM4_IRQHandler
                0x0000000008001018                DMA2_Channel1_IRQHandler
                0x0000000008001018                I2C1_EV_IRQHandler
                0x0000000008001018                DMA1_Channel6_IRQHandler
                0x0000000008001018                DMA2_Channel4_IRQHandler
                0x0000000008001018                TIM3_IRQHandler
                0x0000000008001018                RCC_IRQHandler
                0x0000000008001018                Default_Handler
                0x0000000008001018                RTC_TAMP_LSECSS_IRQHandler
                0x0000000008001018                FMAC_IRQHandler
                0x0000000008001018                EXTI15_10_IRQHandler
                0x0000000008001018                TIM7_IRQHandler
                0x0000000008001018                UCPD1_IRQHandler
                0x0000000008001018                I2C3_EV_IRQHandler
                0x0000000008001018                EXTI9_5_IRQHandler
                0x0000000008001018                RTC_WKUP_IRQHandler
                0x0000000008001018                PVD_PVM_IRQHandler
                0x0000000008001018                SPI2_IRQHandler
                0x0000000008001018                DMA2_Channel5_IRQHandler
                0x0000000008001018                CRS_IRQHandler
                0x0000000008001018                DMA1_Channel5_IRQHandler
                0x0000000008001018                USB_LP_IRQHandler
                0x0000000008001018                EXTI4_IRQHandler
                0x0000000008001018                RNG_IRQHandler
                0x0000000008001018                TIM1_TRG_COM_TIM17_IRQHandler
                0x0000000008001018                DMA1_Channel3_IRQHandler
                0x0000000008001018                WWDG_IRQHandler
                0x0000000008001018                DMA2_Channel6_IRQHandler
                0x0000000008001018                FDCAN1_IT0_IRQHandler
                0x0000000008001018                TIM2_IRQHandler
                0x0000000008001018                COMP1_2_3_IRQHandler
                0x0000000008001018                EXTI1_IRQHandler
                0x0000000008001018                USART2_IRQHandler
                0x0000000008001018                I2C2_ER_IRQHandler
                0x0000000008001018                DMA1_Channel2_IRQHandler
                0x0000000008001018                TIM8_BRK_IRQHandler
                0x0000000008001018                FLASH_IRQHandler
                0x0000000008001018                SPI3_IRQHandler
                0x0000000008001018                I2C1_ER_IRQHandler
                0x0000000008001018                LPTIM1_IRQHandler
                0x0000000008001018                DMAMUX_OVR_IRQHandler
                0x0000000008001018                USBWakeUp_IRQHandler
                0x0000000008001018                SAI1_IRQHandler
                0x0000000008001018                DMA2_Channel3_IRQHandler
                0x0000000008001018                COMP4_IRQHandler
                0x0000000008001018                TIM1_BRK_TIM15_IRQHandler
 .text.HAL_Init
                0x000000000800101a       0x30 Drivers/STM32G4xx_HAL_Driver/Src/stm32g4xx_hal.o
                0x000000000800101a                HAL_Init
 *fill*         0x000000000800104a        0x2 
 .text.HAL_IncTick
                0x000000000800104c       0x24 Drivers/STM32G4xx_HAL_Driver/Src/stm32g4xx_hal.o
                0x000000000800104c                HAL_IncTick
 .text.HAL_GetTick
                0x0000000008001070       0x18 Drivers/STM32G4xx_HAL_Driver/Src/stm32g4xx_hal.o
                0x0000000008001070                HAL_GetTick
 .text.__NVIC_SetPriorityGrouping
                0x0000000008001088       0x48 Drivers/STM32G4xx_HAL_Driver/Src/stm32g4xx_hal_cortex.o
 .text.__NVIC_GetPriorityGrouping
                0x00000000080010d0       0x1c Drivers/STM32G4xx_HAL_Driver/Src/stm32g4xx_hal_cortex.o
 .text.__NVIC_EnableIRQ
                0x00000000080010ec       0x3c Drivers/STM32G4xx_HAL_Driver/Src/stm32g4xx_hal_cortex.o
 .text.__NVIC_SetPriority
                0x0000000008001128       0x54 Drivers/STM32G4xx_HAL_Driver/Src/stm32g4xx_hal_cortex.o
 .text.NVIC_EncodePriority
                0x000000000800117c       0x66 Drivers/STM32G4xx_HAL_Driver/Src/stm32g4xx_hal_cortex.o
 .text.HAL_NVIC_SetPriorityGrouping
                0x00000000080011e2       0x16 Drivers/STM32G4xx_HAL_Driver/Src/stm32g4xx_hal_cortex.o
                0x00000000080011e2                HAL_NVIC_SetPriorityGrouping
 .text.HAL_NVIC_SetPriority
                0x00000000080011f8       0x34 Drivers/STM32G4xx_HAL_Driver/Src/stm32g4xx_hal_cortex.o
                0x00000000080011f8                HAL_NVIC_SetPriority
 .text.HAL_NVIC_EnableIRQ
                0x000000000800122c       0x1c Drivers/STM32G4xx_HAL_Driver/Src/stm32g4xx_hal_cortex.o
                0x000000000800122c                HAL_NVIC_EnableIRQ
 .text.HAL_DMA_Init
                0x0000000008001248      0x150 Drivers/STM32G4xx_HAL_Driver/Src/stm32g4xx_hal_dma.o
                0x0000000008001248                HAL_DMA_Init
 .text.HAL_DMA_Start_IT
                0x0000000008001398       0xf6 Drivers/STM32G4xx_HAL_Driver/Src/stm32g4xx_hal_dma.o
                0x0000000008001398                HAL_DMA_Start_IT
 .text.HAL_DMA_Abort_IT
                0x000000000800148e       0xce Drivers/STM32G4xx_HAL_Driver/Src/stm32g4xx_hal_dma.o
                0x000000000800148e                HAL_DMA_Abort_IT
 .text.HAL_DMA_IRQHandler
                0x000000000800155c      0x15e Drivers/STM32G4xx_HAL_Driver/Src/stm32g4xx_hal_dma.o
                0x000000000800155c                HAL_DMA_IRQHandler
 .text.DMA_SetConfig
                0x00000000080016ba       0x7c Drivers/STM32G4xx_HAL_Driver/Src/stm32g4xx_hal_dma.o
 *fill*         0x0000000008001736        0x2 
 .text.DMA_CalcDMAMUXChannelBaseAndMask
                0x0000000008001738       0x7c Drivers/STM32G4xx_HAL_Driver/Src/stm32g4xx_hal_dma.o
 .text.DMA_CalcDMAMUXRequestGenBaseAndMask
                0x00000000080017b4       0x48 Drivers/STM32G4xx_HAL_Driver/Src/stm32g4xx_hal_dma.o
 .text.HAL_FDCAN_Init
                0x00000000080017fc      0x2b4 Drivers/STM32G4xx_HAL_Driver/Src/stm32g4xx_hal_fdcan.o
                0x00000000080017fc                HAL_FDCAN_Init
 .text.FDCAN_CalcultateRamBlockAddresses
                0x0000000008001ab0       0xac Drivers/STM32G4xx_HAL_Driver/Src/stm32g4xx_hal_fdcan.o
 .text.HAL_GPIO_Init
                0x0000000008001b5c      0x304 Drivers/STM32G4xx_HAL_Driver/Src/stm32g4xx_hal_gpio.o
                0x0000000008001b5c                HAL_GPIO_Init
 .text.HAL_GPIO_WritePin
                0x0000000008001e60       0x30 Drivers/STM32G4xx_HAL_Driver/Src/stm32g4xx_hal_gpio.o
                0x0000000008001e60                HAL_GPIO_WritePin
 .text.HAL_PWREx_ControlVoltageScaling
                0x0000000008001e90      0x148 Drivers/STM32G4xx_HAL_Driver/Src/stm32g4xx_hal_pwr_ex.o
                0x0000000008001e90                HAL_PWREx_ControlVoltageScaling
 .text.HAL_PWREx_DisableUCPDDeadBattery
                0x0000000008001fd8       0x20 Drivers/STM32G4xx_HAL_Driver/Src/stm32g4xx_hal_pwr_ex.o
                0x0000000008001fd8                HAL_PWREx_DisableUCPDDeadBattery
 .text.HAL_RCC_OscConfig
                0x0000000008001ff8      0x630 Drivers/STM32G4xx_HAL_Driver/Src/stm32g4xx_hal_rcc.o
                0x0000000008001ff8                HAL_RCC_OscConfig
 .text.HAL_RCC_ClockConfig
                0x0000000008002628      0x278 Drivers/STM32G4xx_HAL_Driver/Src/stm32g4xx_hal_rcc.o
                0x0000000008002628                HAL_RCC_ClockConfig
 .text.HAL_RCC_GetSysClockFreq
                0x00000000080028a0       0xc4 Drivers/STM32G4xx_HAL_Driver/Src/stm32g4xx_hal_rcc.o
                0x00000000080028a0                HAL_RCC_GetSysClockFreq
 .text.HAL_RCC_GetHCLKFreq
                0x0000000008002964       0x18 Drivers/STM32G4xx_HAL_Driver/Src/stm32g4xx_hal_rcc.o
                0x0000000008002964                HAL_RCC_GetHCLKFreq
 .text.HAL_RCC_GetPCLK1Freq
                0x000000000800297c       0x2c Drivers/STM32G4xx_HAL_Driver/Src/stm32g4xx_hal_rcc.o
                0x000000000800297c                HAL_RCC_GetPCLK1Freq
 .text.HAL_RCC_GetPCLK2Freq
                0x00000000080029a8       0x2c Drivers/STM32G4xx_HAL_Driver/Src/stm32g4xx_hal_rcc.o
                0x00000000080029a8                HAL_RCC_GetPCLK2Freq
 .text.HAL_RCC_GetClockConfig
                0x00000000080029d4       0x64 Drivers/STM32G4xx_HAL_Driver/Src/stm32g4xx_hal_rcc.o
                0x00000000080029d4                HAL_RCC_GetClockConfig
 .text.RCC_GetSysClockFreqFromPLLSource
                0x0000000008002a38       0x8c Drivers/STM32G4xx_HAL_Driver/Src/stm32g4xx_hal_rcc.o
 .text.HAL_RCCEx_PeriphCLKConfig
                0x0000000008002ac4      0x3e0 Drivers/STM32G4xx_HAL_Driver/Src/stm32g4xx_hal_rcc_ex.o
                0x0000000008002ac4                HAL_RCCEx_PeriphCLKConfig
 .text.HAL_TIM_Base_Init
                0x0000000008002ea4       0xae Drivers/STM32G4xx_HAL_Driver/Src/stm32g4xx_hal_tim.o
                0x0000000008002ea4                HAL_TIM_Base_Init
 .text.HAL_TIM_Base_MspInit
                0x0000000008002f52       0x14 Drivers/STM32G4xx_HAL_Driver/Src/stm32g4xx_hal_tim.o
                0x0000000008002f52                HAL_TIM_Base_MspInit
 *fill*         0x0000000008002f66        0x2 
 .text.HAL_TIM_Base_Start_IT
                0x0000000008002f68       0xd4 Drivers/STM32G4xx_HAL_Driver/Src/stm32g4xx_hal_tim.o
                0x0000000008002f68                HAL_TIM_Base_Start_IT
 .text.HAL_TIM_IRQHandler
                0x000000000800303c      0x2fe Drivers/STM32G4xx_HAL_Driver/Src/stm32g4xx_hal_tim.o
                0x000000000800303c                HAL_TIM_IRQHandler
 .text.HAL_TIM_OC_DelayElapsedCallback
                0x000000000800333a       0x14 Drivers/STM32G4xx_HAL_Driver/Src/stm32g4xx_hal_tim.o
                0x000000000800333a                HAL_TIM_OC_DelayElapsedCallback
 .text.HAL_TIM_IC_CaptureCallback
                0x000000000800334e       0x14 Drivers/STM32G4xx_HAL_Driver/Src/stm32g4xx_hal_tim.o
                0x000000000800334e                HAL_TIM_IC_CaptureCallback
 .text.HAL_TIM_PWM_PulseFinishedCallback
                0x0000000008003362       0x14 Drivers/STM32G4xx_HAL_Driver/Src/stm32g4xx_hal_tim.o
                0x0000000008003362                HAL_TIM_PWM_PulseFinishedCallback
 .text.HAL_TIM_TriggerCallback
                0x0000000008003376       0x14 Drivers/STM32G4xx_HAL_Driver/Src/stm32g4xx_hal_tim.o
                0x0000000008003376                HAL_TIM_TriggerCallback
 *fill*         0x000000000800338a        0x2 
 .text.TIM_Base_SetConfig
                0x000000000800338c      0x120 Drivers/STM32G4xx_HAL_Driver/Src/stm32g4xx_hal_tim.o
                0x000000000800338c                TIM_Base_SetConfig
 .text.HAL_TIMEx_CommutCallback
                0x00000000080034ac       0x14 Drivers/STM32G4xx_HAL_Driver/Src/stm32g4xx_hal_tim_ex.o
                0x00000000080034ac                HAL_TIMEx_CommutCallback
 .text.HAL_TIMEx_BreakCallback
                0x00000000080034c0       0x14 Drivers/STM32G4xx_HAL_Driver/Src/stm32g4xx_hal_tim_ex.o
                0x00000000080034c0                HAL_TIMEx_BreakCallback
 .text.HAL_TIMEx_Break2Callback
                0x00000000080034d4       0x14 Drivers/STM32G4xx_HAL_Driver/Src/stm32g4xx_hal_tim_ex.o
                0x00000000080034d4                HAL_TIMEx_Break2Callback
 .text.HAL_TIMEx_EncoderIndexCallback
                0x00000000080034e8       0x14 Drivers/STM32G4xx_HAL_Driver/Src/stm32g4xx_hal_tim_ex.o
                0x00000000080034e8                HAL_TIMEx_EncoderIndexCallback
 .text.HAL_TIMEx_DirectionChangeCallback
                0x00000000080034fc       0x14 Drivers/STM32G4xx_HAL_Driver/Src/stm32g4xx_hal_tim_ex.o
                0x00000000080034fc                HAL_TIMEx_DirectionChangeCallback
 .text.HAL_TIMEx_IndexErrorCallback
                0x0000000008003510       0x14 Drivers/STM32G4xx_HAL_Driver/Src/stm32g4xx_hal_tim_ex.o
                0x0000000008003510                HAL_TIMEx_IndexErrorCallback
 .text.HAL_TIMEx_TransitionErrorCallback
                0x0000000008003524       0x14 Drivers/STM32G4xx_HAL_Driver/Src/stm32g4xx_hal_tim_ex.o
                0x0000000008003524                HAL_TIMEx_TransitionErrorCallback
 .text.HAL_UART_Init
                0x0000000008003538       0xa0 Drivers/STM32G4xx_HAL_Driver/Src/stm32g4xx_hal_uart.o
                0x0000000008003538                HAL_UART_Init
 .text.HAL_UART_Receive_DMA
                0x00000000080035d8      0x110 Drivers/STM32G4xx_HAL_Driver/Src/stm32g4xx_hal_uart.o
                0x00000000080035d8                HAL_UART_Receive_DMA
 .text.HAL_UART_IRQHandler
                0x00000000080036e8      0x300 Drivers/STM32G4xx_HAL_Driver/Src/stm32g4xx_hal_uart.o
                0x00000000080036e8                HAL_UART_IRQHandler
 .text.HAL_UART_TxCpltCallback
                0x00000000080039e8       0x14 Drivers/STM32G4xx_HAL_Driver/Src/stm32g4xx_hal_uart.o
                0x00000000080039e8                HAL_UART_TxCpltCallback
 .text.HAL_UART_RxCpltCallback
                0x00000000080039fc       0x14 Drivers/STM32G4xx_HAL_Driver/Src/stm32g4xx_hal_uart.o
                0x00000000080039fc                HAL_UART_RxCpltCallback
 .text.HAL_UART_RxHalfCpltCallback
                0x0000000008003a10       0x14 Drivers/STM32G4xx_HAL_Driver/Src/stm32g4xx_hal_uart.o
                0x0000000008003a10                HAL_UART_RxHalfCpltCallback
 .text.HAL_UART_ErrorCallback
                0x0000000008003a24       0x14 Drivers/STM32G4xx_HAL_Driver/Src/stm32g4xx_hal_uart.o
                0x0000000008003a24                HAL_UART_ErrorCallback
 .text.UART_SetConfig
                0x0000000008003a38      0x550 Drivers/STM32G4xx_HAL_Driver/Src/stm32g4xx_hal_uart.o
                0x0000000008003a38                UART_SetConfig
 .text.UART_AdvFeatureConfig
                0x0000000008003f88      0x144 Drivers/STM32G4xx_HAL_Driver/Src/stm32g4xx_hal_uart.o
                0x0000000008003f88                UART_AdvFeatureConfig
 .text.UART_CheckIdleState
                0x00000000080040cc       0x90 Drivers/STM32G4xx_HAL_Driver/Src/stm32g4xx_hal_uart.o
                0x00000000080040cc                UART_CheckIdleState
 .text.UART_WaitOnFlagUntilTimeout
                0x000000000800415c      0x100 Drivers/STM32G4xx_HAL_Driver/Src/stm32g4xx_hal_uart.o
                0x000000000800415c                UART_WaitOnFlagUntilTimeout
 .text.UART_EndTxTransfer
                0x000000000800425c       0x3c Drivers/STM32G4xx_HAL_Driver/Src/stm32g4xx_hal_uart.o
 .text.UART_EndRxTransfer
                0x0000000008004298       0x46 Drivers/STM32G4xx_HAL_Driver/Src/stm32g4xx_hal_uart.o
 .text.UART_DMAReceiveCplt
                0x00000000080042de       0x6a Drivers/STM32G4xx_HAL_Driver/Src/stm32g4xx_hal_uart.o
 .text.UART_DMARxHalfCplt
                0x0000000008004348       0x1c Drivers/STM32G4xx_HAL_Driver/Src/stm32g4xx_hal_uart.o
 .text.UART_DMAError
                0x0000000008004364       0x80 Drivers/STM32G4xx_HAL_Driver/Src/stm32g4xx_hal_uart.o
 .text.UART_DMAAbortOnError
                0x00000000080043e4       0x2c Drivers/STM32G4xx_HAL_Driver/Src/stm32g4xx_hal_uart.o
 .text.UART_EndTransmit_IT
                0x0000000008004410       0x34 Drivers/STM32G4xx_HAL_Driver/Src/stm32g4xx_hal_uart.o
 .text.HAL_UARTEx_WakeupCallback
                0x0000000008004444       0x14 Drivers/STM32G4xx_HAL_Driver/Src/stm32g4xx_hal_uart_ex.o
                0x0000000008004444                HAL_UARTEx_WakeupCallback
 .text.HAL_UARTEx_RxFifoFullCallback
                0x0000000008004458       0x14 Drivers/STM32G4xx_HAL_Driver/Src/stm32g4xx_hal_uart_ex.o
                0x0000000008004458                HAL_UARTEx_RxFifoFullCallback
 .text.HAL_UARTEx_TxFifoEmptyCallback
                0x000000000800446c       0x14 Drivers/STM32G4xx_HAL_Driver/Src/stm32g4xx_hal_uart_ex.o
                0x000000000800446c                HAL_UARTEx_TxFifoEmptyCallback
 .text.HAL_UARTEx_DisableFifoMode
                0x0000000008004480       0x72 Drivers/STM32G4xx_HAL_Driver/Src/stm32g4xx_hal_uart_ex.o
                0x0000000008004480                HAL_UARTEx_DisableFifoMode
 .text.HAL_UARTEx_SetTxFifoThreshold
                0x00000000080044f2       0x7c Drivers/STM32G4xx_HAL_Driver/Src/stm32g4xx_hal_uart_ex.o
                0x00000000080044f2                HAL_UARTEx_SetTxFifoThreshold
 .text.HAL_UARTEx_SetRxFifoThreshold
                0x000000000800456e       0x7c Drivers/STM32G4xx_HAL_Driver/Src/stm32g4xx_hal_uart_ex.o
                0x000000000800456e                HAL_UARTEx_SetRxFifoThreshold
 *fill*         0x00000000080045ea        0x2 
 .text.UARTEx_SetNbDataToProcess
                0x00000000080045ec       0xd0 Drivers/STM32G4xx_HAL_Driver/Src/stm32g4xx_hal_uart_ex.o
 .text.SVC_Setup
                0x00000000080046bc        0xe Middlewares/Third_Party/FreeRTOS/Source/CMSIS_RTOS_V2/cmsis_os2.o
 *fill*         0x00000000080046ca        0x2 
 .text.osKernelInitialize
                0x00000000080046cc       0x68 Middlewares/Third_Party/FreeRTOS/Source/CMSIS_RTOS_V2/cmsis_os2.o
                0x00000000080046cc                osKernelInitialize
 .text.osKernelStart
                0x0000000008004734       0x6c Middlewares/Third_Party/FreeRTOS/Source/CMSIS_RTOS_V2/cmsis_os2.o
                0x0000000008004734                osKernelStart
 .text.osThreadNew
                0x00000000080047a0      0x14c Middlewares/Third_Party/FreeRTOS/Source/CMSIS_RTOS_V2/cmsis_os2.o
                0x00000000080047a0                osThreadNew
 .text.osDelay  0x00000000080048ec       0x5c Middlewares/Third_Party/FreeRTOS/Source/CMSIS_RTOS_V2/cmsis_os2.o
                0x00000000080048ec                osDelay
 .text.vApplicationGetIdleTaskMemory
                0x0000000008004948       0x34 Middlewares/Third_Party/FreeRTOS/Source/CMSIS_RTOS_V2/cmsis_os2.o
                0x0000000008004948                vApplicationGetIdleTaskMemory
 .text.vApplicationGetTimerTaskMemory
                0x000000000800497c       0x34 Middlewares/Third_Party/FreeRTOS/Source/CMSIS_RTOS_V2/cmsis_os2.o
                0x000000000800497c                vApplicationGetTimerTaskMemory
 .text.vListInitialise
                0x00000000080049b0       0x40 Middlewares/Third_Party/FreeRTOS/Source/list.o
                0x00000000080049b0                vListInitialise
 .text.vListInitialiseItem
                0x00000000080049f0       0x1a Middlewares/Third_Party/FreeRTOS/Source/list.o
                0x00000000080049f0                vListInitialiseItem
 .text.vListInsertEnd
                0x0000000008004a0a       0x48 Middlewares/Third_Party/FreeRTOS/Source/list.o
                0x0000000008004a0a                vListInsertEnd
 .text.vListInsert
                0x0000000008004a52       0x72 Middlewares/Third_Party/FreeRTOS/Source/list.o
                0x0000000008004a52                vListInsert
 .text.uxListRemove
                0x0000000008004ac4       0x54 Middlewares/Third_Party/FreeRTOS/Source/list.o
                0x0000000008004ac4                uxListRemove
 .text.xQueueGenericReset
                0x0000000008004b18       0xd0 Middlewares/Third_Party/FreeRTOS/Source/queue.o
                0x0000000008004b18                xQueueGenericReset
 .text.xQueueGenericCreateStatic
                0x0000000008004be8       0xe6 Middlewares/Third_Party/FreeRTOS/Source/queue.o
                0x0000000008004be8                xQueueGenericCreateStatic
 .text.prvInitialiseNewQueue
                0x0000000008004cce       0x46 Middlewares/Third_Party/FreeRTOS/Source/queue.o
 .text.xQueueGenericSend
                0x0000000008004d14      0x1f4 Middlewares/Third_Party/FreeRTOS/Source/queue.o
                0x0000000008004d14                xQueueGenericSend
 .text.xQueueGenericSendFromISR
                0x0000000008004f08      0x128 Middlewares/Third_Party/FreeRTOS/Source/queue.o
                0x0000000008004f08                xQueueGenericSendFromISR
 .text.xQueueReceive
                0x0000000008005030      0x1b8 Middlewares/Third_Party/FreeRTOS/Source/queue.o
                0x0000000008005030                xQueueReceive
 .text.prvCopyDataToQueue
                0x00000000080051e8       0xd4 Middlewares/Third_Party/FreeRTOS/Source/queue.o
 .text.prvCopyDataFromQueue
                0x00000000080052bc       0x4c Middlewares/Third_Party/FreeRTOS/Source/queue.o
 .text.prvUnlockQueue
                0x0000000008005308       0xa4 Middlewares/Third_Party/FreeRTOS/Source/queue.o
 .text.prvIsQueueEmpty
                0x00000000080053ac       0x2c Middlewares/Third_Party/FreeRTOS/Source/queue.o
 .text.prvIsQueueFull
                0x00000000080053d8       0x30 Middlewares/Third_Party/FreeRTOS/Source/queue.o
 .text.vQueueAddToRegistry
                0x0000000008005408       0x50 Middlewares/Third_Party/FreeRTOS/Source/queue.o
                0x0000000008005408                vQueueAddToRegistry
 .text.vQueueWaitForMessageRestricted
                0x0000000008005458       0x68 Middlewares/Third_Party/FreeRTOS/Source/queue.o
                0x0000000008005458                vQueueWaitForMessageRestricted
 .text.xTaskCreateStatic
                0x00000000080054c0       0xb4 Middlewares/Third_Party/FreeRTOS/Source/tasks.o
                0x00000000080054c0                xTaskCreateStatic
 .text.xTaskCreate
                0x0000000008005574       0x8a Middlewares/Third_Party/FreeRTOS/Source/tasks.o
                0x0000000008005574                xTaskCreate
 .text.prvInitialiseNewTask
                0x00000000080055fe      0x11c Middlewares/Third_Party/FreeRTOS/Source/tasks.o
 *fill*         0x000000000800571a        0x2 
 .text.prvAddNewTaskToReadyList
                0x000000000800571c       0xe0 Middlewares/Third_Party/FreeRTOS/Source/tasks.o
 .text.vTaskDelay
                0x00000000080057fc       0x68 Middlewares/Third_Party/FreeRTOS/Source/tasks.o
                0x00000000080057fc                vTaskDelay
 .text.vTaskStartScheduler
                0x0000000008005864       0xc8 Middlewares/Third_Party/FreeRTOS/Source/tasks.o
                0x0000000008005864                vTaskStartScheduler
 .text.vTaskSuspendAll
                0x000000000800592c       0x1c Middlewares/Third_Party/FreeRTOS/Source/tasks.o
                0x000000000800592c                vTaskSuspendAll
 .text.xTaskResumeAll
                0x0000000008005948      0x138 Middlewares/Third_Party/FreeRTOS/Source/tasks.o
                0x0000000008005948                xTaskResumeAll
 .text.xTaskGetTickCount
                0x0000000008005a80       0x20 Middlewares/Third_Party/FreeRTOS/Source/tasks.o
                0x0000000008005a80                xTaskGetTickCount
 .text.xTaskIncrementTick
                0x0000000008005aa0      0x170 Middlewares/Third_Party/FreeRTOS/Source/tasks.o
                0x0000000008005aa0                xTaskIncrementTick
 .text.vTaskSwitchContext
                0x0000000008005c10       0xb8 Middlewares/Third_Party/FreeRTOS/Source/tasks.o
                0x0000000008005c10                vTaskSwitchContext
 .text.vTaskPlaceOnEventList
                0x0000000008005cc8       0x48 Middlewares/Third_Party/FreeRTOS/Source/tasks.o
                0x0000000008005cc8                vTaskPlaceOnEventList
 .text.vTaskPlaceOnEventListRestricted
                0x0000000008005d10       0x54 Middlewares/Third_Party/FreeRTOS/Source/tasks.o
                0x0000000008005d10                vTaskPlaceOnEventListRestricted
 .text.xTaskRemoveFromEventList
                0x0000000008005d64       0xc4 Middlewares/Third_Party/FreeRTOS/Source/tasks.o
                0x0000000008005d64                xTaskRemoveFromEventList
 .text.vTaskInternalSetTimeOutState
                0x0000000008005e28       0x2c Middlewares/Third_Party/FreeRTOS/Source/tasks.o
                0x0000000008005e28                vTaskInternalSetTimeOutState
 .text.xTaskCheckForTimeOut
                0x0000000008005e54       0xc0 Middlewares/Third_Party/FreeRTOS/Source/tasks.o
                0x0000000008005e54                xTaskCheckForTimeOut
 .text.vTaskMissedYield
                0x0000000008005f14       0x18 Middlewares/Third_Party/FreeRTOS/Source/tasks.o
                0x0000000008005f14                vTaskMissedYield
 .text.prvIdleTask
                0x0000000008005f2c       0x30 Middlewares/Third_Party/FreeRTOS/Source/tasks.o
 .text.prvInitialiseTaskLists
                0x0000000008005f5c       0x80 Middlewares/Third_Party/FreeRTOS/Source/tasks.o
 .text.prvCheckTasksWaitingTermination
                0x0000000008005fdc       0x58 Middlewares/Third_Party/FreeRTOS/Source/tasks.o
 .text.prvDeleteTCB
                0x0000000008006034       0x5c Middlewares/Third_Party/FreeRTOS/Source/tasks.o
 .text.prvResetNextTaskUnblockTime
                0x0000000008006090       0x40 Middlewares/Third_Party/FreeRTOS/Source/tasks.o
 .text.xTaskGetSchedulerState
                0x00000000080060d0       0x3c Middlewares/Third_Party/FreeRTOS/Source/tasks.o
                0x00000000080060d0                xTaskGetSchedulerState
 .text.xTaskPriorityDisinherit
                0x000000000800610c       0xd8 Middlewares/Third_Party/FreeRTOS/Source/tasks.o
                0x000000000800610c                xTaskPriorityDisinherit
 .text.prvAddCurrentTaskToDelayedList
                0x00000000080061e4       0xa8 Middlewares/Third_Party/FreeRTOS/Source/tasks.o
 .text.xTimerCreateTimerTask
                0x000000000800628c       0x90 Middlewares/Third_Party/FreeRTOS/Source/timers.o
                0x000000000800628c                xTimerCreateTimerTask
 .text.xTimerGenericCommand
                0x000000000800631c       0x98 Middlewares/Third_Party/FreeRTOS/Source/timers.o
                0x000000000800631c                xTimerGenericCommand
 .text.prvProcessExpiredTimer
                0x00000000080063b4       0x98 Middlewares/Third_Party/FreeRTOS/Source/timers.o
 .text.prvTimerTask
                0x000000000800644c       0x24 Middlewares/Third_Party/FreeRTOS/Source/timers.o
 .text.prvProcessTimerOrBlockTask
                0x0000000008006470       0x9c Middlewares/Third_Party/FreeRTOS/Source/timers.o
 .text.prvGetNextExpireTime
                0x000000000800650c       0x48 Middlewares/Third_Party/FreeRTOS/Source/timers.o
 .text.prvSampleTimeNow
                0x0000000008006554       0x40 Middlewares/Third_Party/FreeRTOS/Source/timers.o
 .text.prvInsertTimerInActiveList
                0x0000000008006594       0x84 Middlewares/Third_Party/FreeRTOS/Source/timers.o
 .text.prvProcessReceivedCommands
                0x0000000008006618      0x1b8 Middlewares/Third_Party/FreeRTOS/Source/timers.o
 .text.prvSwitchTimerLists
                0x00000000080067d0       0xc8 Middlewares/Third_Party/FreeRTOS/Source/timers.o
 .text.prvCheckForValidListAndQueue
                0x0000000008006898       0x80 Middlewares/Third_Party/FreeRTOS/Source/timers.o
 .text.pxPortInitialiseStack
                0x0000000008006918       0x68 Middlewares/Third_Party/FreeRTOS/Source/portable/GCC/ARM_CM4F/port.o
                0x0000000008006918                pxPortInitialiseStack
 .text.prvTaskExitError
                0x0000000008006980       0x54 Middlewares/Third_Party/FreeRTOS/Source/portable/GCC/ARM_CM4F/port.o
 *fill*         0x00000000080069d4        0xc 
 .text.SVC_Handler
                0x00000000080069e0       0x28 Middlewares/Third_Party/FreeRTOS/Source/portable/GCC/ARM_CM4F/port.o
                0x00000000080069e0                SVC_Handler
 .text.prvPortStartFirstTask
                0x0000000008006a08       0x28 Middlewares/Third_Party/FreeRTOS/Source/portable/GCC/ARM_CM4F/port.o
 .text.xPortStartScheduler
                0x0000000008006a30      0x13c Middlewares/Third_Party/FreeRTOS/Source/portable/GCC/ARM_CM4F/port.o
                0x0000000008006a30                xPortStartScheduler
 .text.vPortEnterCritical
                0x0000000008006b6c       0x5c Middlewares/Third_Party/FreeRTOS/Source/portable/GCC/ARM_CM4F/port.o
                0x0000000008006b6c                vPortEnterCritical
 .text.vPortExitCritical
                0x0000000008006bc8       0x50 Middlewares/Third_Party/FreeRTOS/Source/portable/GCC/ARM_CM4F/port.o
                0x0000000008006bc8                vPortExitCritical
 *fill*         0x0000000008006c18        0x8 
 .text.PendSV_Handler
                0x0000000008006c20       0x68 Middlewares/Third_Party/FreeRTOS/Source/portable/GCC/ARM_CM4F/port.o
                0x0000000008006c20                PendSV_Handler
 .text.SysTick_Handler
                0x0000000008006c88       0x40 Middlewares/Third_Party/FreeRTOS/Source/portable/GCC/ARM_CM4F/port.o
                0x0000000008006c88                SysTick_Handler
 .text.vPortSetupTimerInterrupt
                0x0000000008006cc8       0x48 Middlewares/Third_Party/FreeRTOS/Source/portable/GCC/ARM_CM4F/port.o
                0x0000000008006cc8                vPortSetupTimerInterrupt
 .text.vPortEnableVFP
                0x0000000008006d10       0x14 Middlewares/Third_Party/FreeRTOS/Source/portable/GCC/ARM_CM4F/port.o
 .text.vPortValidateInterruptPriority
                0x0000000008006d24       0x7c Middlewares/Third_Party/FreeRTOS/Source/portable/GCC/ARM_CM4F/port.o
                0x0000000008006d24                vPortValidateInterruptPriority
 .text.pvPortMalloc
                0x0000000008006da0      0x184 Middlewares/Third_Party/FreeRTOS/Source/portable/MemMang/heap_4.o
                0x0000000008006da0                pvPortMalloc
 .text.vPortFree
                0x0000000008006f24       0xb0 Middlewares/Third_Party/FreeRTOS/Source/portable/MemMang/heap_4.o
                0x0000000008006f24                vPortFree
 .text.prvHeapInit
                0x0000000008006fd4       0xc4 Middlewares/Third_Party/FreeRTOS/Source/portable/MemMang/heap_4.o
 .text.prvInsertBlockIntoFreeList
                0x0000000008007098       0xb4 Middlewares/Third_Party/FreeRTOS/Source/portable/MemMang/heap_4.o
 .text.__libc_init_array
                0x000000000800714c       0x48 /opt/st/stm32cubeide_1.4.0/plugins/com.st.stm32cube.ide.mcu.externaltools.gnu-tools-for-stm32.7-2018-q2-update.linux64_1.4.0.202007081208/tools/bin/../lib/gcc/arm-none-eabi/7.3.1/../../../../arm-none-eabi/lib/thumb/v7e-m/fpv4-sp/hard/libc_nano.a(lib_a-init.o)
                0x000000000800714c                __libc_init_array
 .text.memcpy   0x0000000008007194       0x16 /opt/st/stm32cubeide_1.4.0/plugins/com.st.stm32cube.ide.mcu.externaltools.gnu-tools-for-stm32.7-2018-q2-update.linux64_1.4.0.202007081208/tools/bin/../lib/gcc/arm-none-eabi/7.3.1/../../../../arm-none-eabi/lib/thumb/v7e-m/fpv4-sp/hard/libc_nano.a(lib_a-memcpy-stub.o)
                0x0000000008007194                memcpy
 .text.memset   0x00000000080071aa       0x10 /opt/st/stm32cubeide_1.4.0/plugins/com.st.stm32cube.ide.mcu.externaltools.gnu-tools-for-stm32.7-2018-q2-update.linux64_1.4.0.202007081208/tools/bin/../lib/gcc/arm-none-eabi/7.3.1/../../../../arm-none-eabi/lib/thumb/v7e-m/fpv4-sp/hard/libc_nano.a(lib_a-memset.o)
                0x00000000080071aa                memset
 *(.glue_7)
 .glue_7        0x00000000080071ba        0x0 linker stubs
 *(.glue_7t)
 .glue_7t       0x00000000080071ba        0x0 linker stubs
 *(.eh_frame)
 *fill*         0x00000000080071ba        0x2 
 .eh_frame      0x00000000080071bc        0x0 /opt/st/stm32cubeide_1.4.0/plugins/com.st.stm32cube.ide.mcu.externaltools.gnu-tools-for-stm32.7-2018-q2-update.linux64_1.4.0.202007081208/tools/bin/../lib/gcc/arm-none-eabi/7.3.1/thumb/v7e-m/fpv4-sp/hard/crtbegin.o
 *(.init)
 .init          0x00000000080071bc        0x4 /opt/st/stm32cubeide_1.4.0/plugins/com.st.stm32cube.ide.mcu.externaltools.gnu-tools-for-stm32.7-2018-q2-update.linux64_1.4.0.202007081208/tools/bin/../lib/gcc/arm-none-eabi/7.3.1/thumb/v7e-m/fpv4-sp/hard/crti.o
                0x00000000080071bc                _init
 .init          0x00000000080071c0        0x8 /opt/st/stm32cubeide_1.4.0/plugins/com.st.stm32cube.ide.mcu.externaltools.gnu-tools-for-stm32.7-2018-q2-update.linux64_1.4.0.202007081208/tools/bin/../lib/gcc/arm-none-eabi/7.3.1/thumb/v7e-m/fpv4-sp/hard/crtn.o
 *(.fini)
 .fini          0x00000000080071c8        0x4 /opt/st/stm32cubeide_1.4.0/plugins/com.st.stm32cube.ide.mcu.externaltools.gnu-tools-for-stm32.7-2018-q2-update.linux64_1.4.0.202007081208/tools/bin/../lib/gcc/arm-none-eabi/7.3.1/thumb/v7e-m/fpv4-sp/hard/crti.o
                0x00000000080071c8                _fini
 .fini          0x00000000080071cc        0x8 /opt/st/stm32cubeide_1.4.0/plugins/com.st.stm32cube.ide.mcu.externaltools.gnu-tools-for-stm32.7-2018-q2-update.linux64_1.4.0.202007081208/tools/bin/../lib/gcc/arm-none-eabi/7.3.1/thumb/v7e-m/fpv4-sp/hard/crtn.o
                0x00000000080071d4                . = ALIGN (0x4)
                0x00000000080071d4                _etext = .

.vfp11_veneer   0x00000000080071d4        0x0
 .vfp11_veneer  0x00000000080071d4        0x0 linker stubs

.v4_bx          0x00000000080071d4        0x0
 .v4_bx         0x00000000080071d4        0x0 linker stubs

.iplt           0x00000000080071d4        0x0
 .iplt          0x00000000080071d4        0x0 /opt/st/stm32cubeide_1.4.0/plugins/com.st.stm32cube.ide.mcu.externaltools.gnu-tools-for-stm32.7-2018-q2-update.linux64_1.4.0.202007081208/tools/bin/../lib/gcc/arm-none-eabi/7.3.1/thumb/v7e-m/fpv4-sp/hard/crtbegin.o

.rodata         0x00000000080071d4       0x88
                0x00000000080071d4                . = ALIGN (0x4)
 *(.rodata)
 .rodata        0x00000000080071d4        0xc Core/Src/app_freertos.o
 .rodata        0x00000000080071e0       0x10 Drivers/STM32G4xx_HAL_Driver/Src/stm32g4xx_hal_uart_ex.o
 .rodata        0x00000000080071f0        0x5 Middlewares/Third_Party/FreeRTOS/Source/tasks.o
 *fill*         0x00000000080071f5        0x3 
 .rodata        0x00000000080071f8        0xd Middlewares/Third_Party/FreeRTOS/Source/timers.o
 *(.rodata*)
 *fill*         0x0000000008007205        0x3 
 .rodata.defaultTask_attributes
                0x0000000008007208       0x24 Core/Src/app_freertos.o
                0x0000000008007208                defaultTask_attributes
 .rodata.AHBPrescTable
                0x000000000800722c       0x10 Core/Src/system_stm32g4xx.o
                0x000000000800722c                AHBPrescTable
 .rodata.APBPrescTable
                0x000000000800723c        0x8 Core/Src/system_stm32g4xx.o
                0x000000000800723c                APBPrescTable
 .rodata.UARTPrescTable
                0x0000000008007244       0x18 Drivers/STM32G4xx_HAL_Driver/Src/stm32g4xx_hal_uart.o
                0x0000000008007244                UARTPrescTable
                0x000000000800725c                . = ALIGN (0x4)

.ARM.extab      0x000000000800725c        0x0
                0x000000000800725c                . = ALIGN (0x4)
 *(.ARM.extab* .gnu.linkonce.armextab.*)
                0x000000000800725c                . = ALIGN (0x4)

.ARM            0x000000000800725c        0x8
                0x000000000800725c                . = ALIGN (0x4)
                0x000000000800725c                __exidx_start = .
 *(.ARM.exidx*)
 .ARM.exidx     0x000000000800725c        0x8 /opt/st/stm32cubeide_1.4.0/plugins/com.st.stm32cube.ide.mcu.externaltools.gnu-tools-for-stm32.7-2018-q2-update.linux64_1.4.0.202007081208/tools/bin/../lib/gcc/arm-none-eabi/7.3.1/thumb/v7e-m/fpv4-sp/hard/libgcc.a(_udivmoddi4.o)
                0x0000000008007264                __exidx_end = .
                0x0000000008007264                . = ALIGN (0x4)

.rel.dyn        0x0000000008007264        0x0
 .rel.iplt      0x0000000008007264        0x0 /opt/st/stm32cubeide_1.4.0/plugins/com.st.stm32cube.ide.mcu.externaltools.gnu-tools-for-stm32.7-2018-q2-update.linux64_1.4.0.202007081208/tools/bin/../lib/gcc/arm-none-eabi/7.3.1/thumb/v7e-m/fpv4-sp/hard/crtbegin.o

.preinit_array  0x0000000008007264        0x0
                0x0000000008007264                . = ALIGN (0x4)
                0x0000000008007264                PROVIDE (__preinit_array_start = .)
 *(.preinit_array*)
                0x0000000008007264                PROVIDE (__preinit_array_end = .)
                0x0000000008007264                . = ALIGN (0x4)

.init_array     0x0000000008007264        0x4
                0x0000000008007264                . = ALIGN (0x4)
                0x0000000008007264                PROVIDE (__init_array_start = .)
 *(SORT_BY_NAME(.init_array.*))
 *(.init_array*)
 .init_array    0x0000000008007264        0x4 /opt/st/stm32cubeide_1.4.0/plugins/com.st.stm32cube.ide.mcu.externaltools.gnu-tools-for-stm32.7-2018-q2-update.linux64_1.4.0.202007081208/tools/bin/../lib/gcc/arm-none-eabi/7.3.1/thumb/v7e-m/fpv4-sp/hard/crtbegin.o
                0x0000000008007268                PROVIDE (__init_array_end = .)
                0x0000000008007268                . = ALIGN (0x4)

.fini_array     0x0000000008007268        0x4
                0x0000000008007268                . = ALIGN (0x4)
                [!provide]                        PROVIDE (__fini_array_start = .)
 *(SORT_BY_NAME(.fini_array.*))
 *(.fini_array*)
 .fini_array    0x0000000008007268        0x4 /opt/st/stm32cubeide_1.4.0/plugins/com.st.stm32cube.ide.mcu.externaltools.gnu-tools-for-stm32.7-2018-q2-update.linux64_1.4.0.202007081208/tools/bin/../lib/gcc/arm-none-eabi/7.3.1/thumb/v7e-m/fpv4-sp/hard/crtbegin.o
                [!provide]                        PROVIDE (__fini_array_end = .)
                0x000000000800726c                . = ALIGN (0x4)
                0x000000000800726c                _sidata = LOADADDR (.data)

.data           0x0000000020000000       0x10 load address 0x000000000800726c
                0x0000000020000000                . = ALIGN (0x4)
                0x0000000020000000                _sdata = .
 *(.data)
 *(.data*)
 .data.SystemCoreClock
                0x0000000020000000        0x4 Core/Src/system_stm32g4xx.o
                0x0000000020000000                SystemCoreClock
 .data.uwTickPrio
                0x0000000020000004        0x4 Drivers/STM32G4xx_HAL_Driver/Src/stm32g4xx_hal.o
                0x0000000020000004                uwTickPrio
 .data.uwTickFreq
                0x0000000020000008        0x4 Drivers/STM32G4xx_HAL_Driver/Src/stm32g4xx_hal.o
                0x0000000020000008                uwTickFreq
 .data.uxCriticalNesting
                0x000000002000000c        0x4 Middlewares/Third_Party/FreeRTOS/Source/portable/GCC/ARM_CM4F/port.o
                0x0000000020000010                . = ALIGN (0x4)
                0x0000000020000010                _edata = .

.igot.plt       0x0000000020000010        0x0 load address 0x000000000800727c
 .igot.plt      0x0000000020000010        0x0 /opt/st/stm32cubeide_1.4.0/plugins/com.st.stm32cube.ide.mcu.externaltools.gnu-tools-for-stm32.7-2018-q2-update.linux64_1.4.0.202007081208/tools/bin/../lib/gcc/arm-none-eabi/7.3.1/thumb/v7e-m/fpv4-sp/hard/crtbegin.o
                0x0000000020000010                . = ALIGN (0x4)

.bss            0x0000000020000010     0x1dac load address 0x000000000800727c
                0x0000000020000010                _sbss = .
                0x0000000020000010                __bss_start__ = _sbss
 *(.bss)
 .bss           0x0000000020000010       0x1c /opt/st/stm32cubeide_1.4.0/plugins/com.st.stm32cube.ide.mcu.externaltools.gnu-tools-for-stm32.7-2018-q2-update.linux64_1.4.0.202007081208/tools/bin/../lib/gcc/arm-none-eabi/7.3.1/thumb/v7e-m/fpv4-sp/hard/crtbegin.o
 *(.bss*)
 .bss.KernelState
                0x000000002000002c        0x4 Middlewares/Third_Party/FreeRTOS/Source/CMSIS_RTOS_V2/cmsis_os2.o
 .bss.Idle_TCB  0x0000000020000030       0x5c Middlewares/Third_Party/FreeRTOS/Source/CMSIS_RTOS_V2/cmsis_os2.o
 .bss.Idle_Stack
                0x000000002000008c      0x200 Middlewares/Third_Party/FreeRTOS/Source/CMSIS_RTOS_V2/cmsis_os2.o
 .bss.Timer_TCB
                0x000000002000028c       0x5c Middlewares/Third_Party/FreeRTOS/Source/CMSIS_RTOS_V2/cmsis_os2.o
 .bss.Timer_Stack
                0x00000000200002e8      0x400 Middlewares/Third_Party/FreeRTOS/Source/CMSIS_RTOS_V2/cmsis_os2.o
 .bss.pxCurrentTCB
                0x00000000200006e8        0x4 Middlewares/Third_Party/FreeRTOS/Source/tasks.o
                0x00000000200006e8                pxCurrentTCB
 .bss.pxReadyTasksLists
                0x00000000200006ec      0x460 Middlewares/Third_Party/FreeRTOS/Source/tasks.o
 .bss.xDelayedTaskList1
                0x0000000020000b4c       0x14 Middlewares/Third_Party/FreeRTOS/Source/tasks.o
 .bss.xDelayedTaskList2
                0x0000000020000b60       0x14 Middlewares/Third_Party/FreeRTOS/Source/tasks.o
 .bss.pxDelayedTaskList
                0x0000000020000b74        0x4 Middlewares/Third_Party/FreeRTOS/Source/tasks.o
 .bss.pxOverflowDelayedTaskList
                0x0000000020000b78        0x4 Middlewares/Third_Party/FreeRTOS/Source/tasks.o
 .bss.xPendingReadyList
                0x0000000020000b7c       0x14 Middlewares/Third_Party/FreeRTOS/Source/tasks.o
 .bss.xTasksWaitingTermination
                0x0000000020000b90       0x14 Middlewares/Third_Party/FreeRTOS/Source/tasks.o
 .bss.uxDeletedTasksWaitingCleanUp
                0x0000000020000ba4        0x4 Middlewares/Third_Party/FreeRTOS/Source/tasks.o
 .bss.xSuspendedTaskList
                0x0000000020000ba8       0x14 Middlewares/Third_Party/FreeRTOS/Source/tasks.o
 .bss.uxCurrentNumberOfTasks
                0x0000000020000bbc        0x4 Middlewares/Third_Party/FreeRTOS/Source/tasks.o
 .bss.xTickCount
                0x0000000020000bc0        0x4 Middlewares/Third_Party/FreeRTOS/Source/tasks.o
 .bss.uxTopReadyPriority
                0x0000000020000bc4        0x4 Middlewares/Third_Party/FreeRTOS/Source/tasks.o
 .bss.xSchedulerRunning
                0x0000000020000bc8        0x4 Middlewares/Third_Party/FreeRTOS/Source/tasks.o
 .bss.uxPendedTicks
                0x0000000020000bcc        0x4 Middlewares/Third_Party/FreeRTOS/Source/tasks.o
 .bss.xYieldPending
                0x0000000020000bd0        0x4 Middlewares/Third_Party/FreeRTOS/Source/tasks.o
 .bss.xNumOfOverflows
                0x0000000020000bd4        0x4 Middlewares/Third_Party/FreeRTOS/Source/tasks.o
 .bss.uxTaskNumber
                0x0000000020000bd8        0x4 Middlewares/Third_Party/FreeRTOS/Source/tasks.o
 .bss.xNextTaskUnblockTime
                0x0000000020000bdc        0x4 Middlewares/Third_Party/FreeRTOS/Source/tasks.o
 .bss.xIdleTaskHandle
                0x0000000020000be0        0x4 Middlewares/Third_Party/FreeRTOS/Source/tasks.o
 .bss.uxSchedulerSuspended
                0x0000000020000be4        0x4 Middlewares/Third_Party/FreeRTOS/Source/tasks.o
 .bss.xActiveTimerList1
                0x0000000020000be8       0x14 Middlewares/Third_Party/FreeRTOS/Source/timers.o
 .bss.xActiveTimerList2
                0x0000000020000bfc       0x14 Middlewares/Third_Party/FreeRTOS/Source/timers.o
 .bss.pxCurrentTimerList
                0x0000000020000c10        0x4 Middlewares/Third_Party/FreeRTOS/Source/timers.o
 .bss.pxOverflowTimerList
                0x0000000020000c14        0x4 Middlewares/Third_Party/FreeRTOS/Source/timers.o
 .bss.xTimerQueue
                0x0000000020000c18        0x4 Middlewares/Third_Party/FreeRTOS/Source/timers.o
 .bss.xTimerTaskHandle
                0x0000000020000c1c        0x4 Middlewares/Third_Party/FreeRTOS/Source/timers.o
 .bss.xLastTime.6741
                0x0000000020000c20        0x4 Middlewares/Third_Party/FreeRTOS/Source/timers.o
 .bss.ucStaticTimerQueueStorage.6792
                0x0000000020000c24       0xa0 Middlewares/Third_Party/FreeRTOS/Source/timers.o
 .bss.xStaticTimerQueue.6791
                0x0000000020000cc4       0x50 Middlewares/Third_Party/FreeRTOS/Source/timers.o
 .bss.ucMaxSysCallPriority
                0x0000000020000d14        0x1 Middlewares/Third_Party/FreeRTOS/Source/portable/GCC/ARM_CM4F/port.o
 *fill*         0x0000000020000d15        0x3 
 .bss.ulMaxPRIGROUPValue
                0x0000000020000d18        0x4 Middlewares/Third_Party/FreeRTOS/Source/portable/GCC/ARM_CM4F/port.o
 .bss.ucHeap    0x0000000020000d1c      0xc00 Middlewares/Third_Party/FreeRTOS/Source/portable/MemMang/heap_4.o
 .bss.xStart    0x000000002000191c        0x8 Middlewares/Third_Party/FreeRTOS/Source/portable/MemMang/heap_4.o
 .bss.pxEnd     0x0000000020001924        0x4 Middlewares/Third_Party/FreeRTOS/Source/portable/MemMang/heap_4.o
 .bss.xFreeBytesRemaining
                0x0000000020001928        0x4 Middlewares/Third_Party/FreeRTOS/Source/portable/MemMang/heap_4.o
 .bss.xMinimumEverFreeBytesRemaining
                0x000000002000192c        0x4 Middlewares/Third_Party/FreeRTOS/Source/portable/MemMang/heap_4.o
 .bss.xBlockAllocatedBit
                0x0000000020001930        0x4 Middlewares/Third_Party/FreeRTOS/Source/portable/MemMang/heap_4.o
 *(COMMON)
 COMMON         0x0000000020001934        0x4 Core/Src/app_freertos.o
                0x0000000020001934                defaultTaskHandle
 COMMON         0x0000000020001938       0x64 Core/Src/fdcan.o
                0x0000000020001938                hfdcan1
 COMMON         0x000000002000199c       0x4c Core/Src/stm32g4xx_hal_timebase_tim.o
                0x000000002000199c                htim1
 COMMON         0x00000000200019e8      0x390 Core/Src/usart.o
                0x00000000200019e8                receive_buff
                0x0000000020001ae8                huart3
                0x0000000020001b74                hlpuart1
                0x0000000020001c00                huart1
                0x0000000020001c8c                hdma_lpuart1_rx
                0x0000000020001cec                huart4
 COMMON         0x0000000020001d78        0x4 Drivers/STM32G4xx_HAL_Driver/Src/stm32g4xx_hal.o
                0x0000000020001d78                uwTick
 COMMON         0x0000000020001d7c       0x40 Middlewares/Third_Party/FreeRTOS/Source/queue.o
                0x0000000020001d7c                xQueueRegistry
                0x0000000020001dbc                . = ALIGN (0x4)
                0x0000000020001dbc                _ebss = .
                0x0000000020001dbc                __bss_end__ = _ebss

._user_heap_stack
                0x0000000020001dbc      0x604 load address 0x000000000800727c
                0x0000000020001dc0                . = ALIGN (0x8)
 *fill*         0x0000000020001dbc        0x4 
                [!provide]                        PROVIDE (end = .)
                0x0000000020001dc0                PROVIDE (_end = .)
                0x0000000020001fc0                . = (. + _Min_Heap_Size)
 *fill*         0x0000000020001dc0      0x200 
                0x00000000200023c0                . = (. + _Min_Stack_Size)
 *fill*         0x0000000020001fc0      0x400 
                0x00000000200023c0                . = ALIGN (0x8)

/DISCARD/
 libc.a(*)
 libm.a(*)
 libgcc.a(*)

.ARM.attributes
                0x0000000000000000       0x30
 *(.ARM.attributes)
 .ARM.attributes
                0x0000000000000000       0x22 /opt/st/stm32cubeide_1.4.0/plugins/com.st.stm32cube.ide.mcu.externaltools.gnu-tools-for-stm32.7-2018-q2-update.linux64_1.4.0.202007081208/tools/bin/../lib/gcc/arm-none-eabi/7.3.1/thumb/v7e-m/fpv4-sp/hard/crti.o
 .ARM.attributes
                0x0000000000000022       0x34 /opt/st/stm32cubeide_1.4.0/plugins/com.st.stm32cube.ide.mcu.externaltools.gnu-tools-for-stm32.7-2018-q2-update.linux64_1.4.0.202007081208/tools/bin/../lib/gcc/arm-none-eabi/7.3.1/thumb/v7e-m/fpv4-sp/hard/crtbegin.o
 .ARM.attributes
                0x0000000000000056       0x39 Core/Src/app_freertos.o
 .ARM.attributes
                0x000000000000008f       0x39 Core/Src/dma.o
 .ARM.attributes
                0x00000000000000c8       0x39 Core/Src/fdcan.o
 .ARM.attributes
                0x0000000000000101       0x39 Core/Src/gpio.o
 .ARM.attributes
                0x000000000000013a       0x39 Core/Src/main.o
 .ARM.attributes
                0x0000000000000173       0x39 Core/Src/stm32g4xx_hal_msp.o
 .ARM.attributes
                0x00000000000001ac       0x39 Core/Src/stm32g4xx_hal_timebase_tim.o
 .ARM.attributes
                0x00000000000001e5       0x39 Core/Src/stm32g4xx_it.o
 .ARM.attributes
                0x000000000000021e       0x39 Core/Src/system_stm32g4xx.o
 .ARM.attributes
                0x0000000000000257       0x39 Core/Src/usart.o
 .ARM.attributes
                0x0000000000000290       0x21 Core/Startup/startup_stm32g431rbtx.o
 .ARM.attributes
                0x00000000000002b1       0x39 Drivers/STM32G4xx_HAL_Driver/Src/stm32g4xx_hal.o
 .ARM.attributes
                0x00000000000002ea       0x39 Drivers/STM32G4xx_HAL_Driver/Src/stm32g4xx_hal_cortex.o
 .ARM.attributes
                0x0000000000000323       0x39 Drivers/STM32G4xx_HAL_Driver/Src/stm32g4xx_hal_dma.o
 .ARM.attributes
                0x000000000000035c       0x39 Drivers/STM32G4xx_HAL_Driver/Src/stm32g4xx_hal_fdcan.o
 .ARM.attributes
                0x0000000000000395       0x39 Drivers/STM32G4xx_HAL_Driver/Src/stm32g4xx_hal_gpio.o
 .ARM.attributes
                0x00000000000003ce       0x39 Drivers/STM32G4xx_HAL_Driver/Src/stm32g4xx_hal_pwr_ex.o
 .ARM.attributes
                0x0000000000000407       0x39 Drivers/STM32G4xx_HAL_Driver/Src/stm32g4xx_hal_rcc.o
 .ARM.attributes
                0x0000000000000440       0x39 Drivers/STM32G4xx_HAL_Driver/Src/stm32g4xx_hal_rcc_ex.o
 .ARM.attributes
                0x0000000000000479       0x39 Drivers/STM32G4xx_HAL_Driver/Src/stm32g4xx_hal_tim.o
 .ARM.attributes
                0x00000000000004b2       0x39 Drivers/STM32G4xx_HAL_Driver/Src/stm32g4xx_hal_tim_ex.o
 .ARM.attributes
                0x00000000000004eb       0x39 Drivers/STM32G4xx_HAL_Driver/Src/stm32g4xx_hal_uart.o
 .ARM.attributes
                0x0000000000000524       0x39 Drivers/STM32G4xx_HAL_Driver/Src/stm32g4xx_hal_uart_ex.o
 .ARM.attributes
                0x000000000000055d       0x39 Middlewares/Third_Party/FreeRTOS/Source/CMSIS_RTOS_V2/cmsis_os2.o
 .ARM.attributes
                0x0000000000000596       0x39 Middlewares/Third_Party/FreeRTOS/Source/list.o
 .ARM.attributes
                0x00000000000005cf       0x39 Middlewares/Third_Party/FreeRTOS/Source/queue.o
 .ARM.attributes
                0x0000000000000608       0x39 Middlewares/Third_Party/FreeRTOS/Source/tasks.o
 .ARM.attributes
                0x0000000000000641       0x39 Middlewares/Third_Party/FreeRTOS/Source/timers.o
 .ARM.attributes
                0x000000000000067a       0x39 Middlewares/Third_Party/FreeRTOS/Source/portable/GCC/ARM_CM4F/port.o
 .ARM.attributes
                0x00000000000006b3       0x39 Middlewares/Third_Party/FreeRTOS/Source/portable/MemMang/heap_4.o
 .ARM.attributes
                0x00000000000006ec       0x34 /opt/st/stm32cubeide_1.4.0/plugins/com.st.stm32cube.ide.mcu.externaltools.gnu-tools-for-stm32.7-2018-q2-update.linux64_1.4.0.202007081208/tools/bin/../lib/gcc/arm-none-eabi/7.3.1/../../../../arm-none-eabi/lib/thumb/v7e-m/fpv4-sp/hard/libc_nano.a(lib_a-init.o)
 .ARM.attributes
                0x0000000000000720       0x34 /opt/st/stm32cubeide_1.4.0/plugins/com.st.stm32cube.ide.mcu.externaltools.gnu-tools-for-stm32.7-2018-q2-update.linux64_1.4.0.202007081208/tools/bin/../lib/gcc/arm-none-eabi/7.3.1/../../../../arm-none-eabi/lib/thumb/v7e-m/fpv4-sp/hard/libc_nano.a(lib_a-memcpy-stub.o)
 .ARM.attributes
                0x0000000000000754       0x34 /opt/st/stm32cubeide_1.4.0/plugins/com.st.stm32cube.ide.mcu.externaltools.gnu-tools-for-stm32.7-2018-q2-update.linux64_1.4.0.202007081208/tools/bin/../lib/gcc/arm-none-eabi/7.3.1/../../../../arm-none-eabi/lib/thumb/v7e-m/fpv4-sp/hard/libc_nano.a(lib_a-memset.o)
 .ARM.attributes
                0x0000000000000788       0x22 /opt/st/stm32cubeide_1.4.0/plugins/com.st.stm32cube.ide.mcu.externaltools.gnu-tools-for-stm32.7-2018-q2-update.linux64_1.4.0.202007081208/tools/bin/../lib/gcc/arm-none-eabi/7.3.1/thumb/v7e-m/fpv4-sp/hard/libgcc.a(_aeabi_uldivmod.o)
 .ARM.attributes
                0x00000000000007aa       0x34 /opt/st/stm32cubeide_1.4.0/plugins/com.st.stm32cube.ide.mcu.externaltools.gnu-tools-for-stm32.7-2018-q2-update.linux64_1.4.0.202007081208/tools/bin/../lib/gcc/arm-none-eabi/7.3.1/thumb/v7e-m/fpv4-sp/hard/libgcc.a(_udivmoddi4.o)
 .ARM.attributes
                0x00000000000007de       0x22 /opt/st/stm32cubeide_1.4.0/plugins/com.st.stm32cube.ide.mcu.externaltools.gnu-tools-for-stm32.7-2018-q2-update.linux64_1.4.0.202007081208/tools/bin/../lib/gcc/arm-none-eabi/7.3.1/thumb/v7e-m/fpv4-sp/hard/libgcc.a(_dvmd_tls.o)
 .ARM.attributes
                0x0000000000000800       0x22 /opt/st/stm32cubeide_1.4.0/plugins/com.st.stm32cube.ide.mcu.externaltools.gnu-tools-for-stm32.7-2018-q2-update.linux64_1.4.0.202007081208/tools/bin/../lib/gcc/arm-none-eabi/7.3.1/thumb/v7e-m/fpv4-sp/hard/crtn.o
OUTPUT(G4Test.elf elf32-littlearm)

.debug_info     0x0000000000000000    0x209ea
 .debug_info    0x0000000000000000      0x4f6 Core/Src/app_freertos.o
 .debug_info    0x00000000000004f6      0x6e1 Core/Src/dma.o
 .debug_info    0x0000000000000bd7      0xada Core/Src/fdcan.o
 .debug_info    0x00000000000016b1      0x656 Core/Src/gpio.o
 .debug_info    0x0000000000001d07     0x13a6 Core/Src/main.o
 .debug_info    0x00000000000030ad      0x4f9 Core/Src/stm32g4xx_hal_msp.o
 .debug_info    0x00000000000035a6      0xe89 Core/Src/stm32g4xx_hal_timebase_tim.o
 .debug_info    0x000000000000442f      0xd67 Core/Src/stm32g4xx_it.o
 .debug_info    0x0000000000005196      0x6eb Core/Src/system_stm32g4xx.o
 .debug_info    0x0000000000005881     0x102a Core/Src/usart.o
 .debug_info    0x00000000000068ab       0x22 Core/Startup/startup_stm32g431rbtx.o
 .debug_info    0x00000000000068cd      0xbe6 Drivers/STM32G4xx_HAL_Driver/Src/stm32g4xx_hal.o
 .debug_info    0x00000000000074b3      0xef7 Drivers/STM32G4xx_HAL_Driver/Src/stm32g4xx_hal_cortex.o
 .debug_info    0x00000000000083aa      0xa43 Drivers/STM32G4xx_HAL_Driver/Src/stm32g4xx_hal_dma.o
 .debug_info    0x0000000000008ded     0x197d Drivers/STM32G4xx_HAL_Driver/Src/stm32g4xx_hal_fdcan.o
 .debug_info    0x000000000000a76a      0x99e Drivers/STM32G4xx_HAL_Driver/Src/stm32g4xx_hal_gpio.o
 .debug_info    0x000000000000b108      0xad8 Drivers/STM32G4xx_HAL_Driver/Src/stm32g4xx_hal_pwr_ex.o
 .debug_info    0x000000000000bbe0      0xccb Drivers/STM32G4xx_HAL_Driver/Src/stm32g4xx_hal_rcc.o
 .debug_info    0x000000000000c8ab      0xdb8 Drivers/STM32G4xx_HAL_Driver/Src/stm32g4xx_hal_rcc_ex.o
 .debug_info    0x000000000000d663     0x2b63 Drivers/STM32G4xx_HAL_Driver/Src/stm32g4xx_hal_tim.o
 .debug_info    0x00000000000101c6     0x1ccf Drivers/STM32G4xx_HAL_Driver/Src/stm32g4xx_hal_tim_ex.o
 .debug_info    0x0000000000011e95     0x1a91 Drivers/STM32G4xx_HAL_Driver/Src/stm32g4xx_hal_uart.o
 .debug_info    0x0000000000013926      0xca0 Drivers/STM32G4xx_HAL_Driver/Src/stm32g4xx_hal_uart_ex.o
 .debug_info    0x00000000000145c6     0x4021 Middlewares/Third_Party/FreeRTOS/Source/CMSIS_RTOS_V2/cmsis_os2.o
 .debug_info    0x00000000000185e7      0xacb Middlewares/Third_Party/FreeRTOS/Source/list.o
 .debug_info    0x00000000000190b2     0x239c Middlewares/Third_Party/FreeRTOS/Source/queue.o
 .debug_info    0x000000000001b44e     0x29c5 Middlewares/Third_Party/FreeRTOS/Source/tasks.o
 .debug_info    0x000000000001de13     0x1aba Middlewares/Third_Party/FreeRTOS/Source/timers.o
 .debug_info    0x000000000001f8cd      0x533 Middlewares/Third_Party/FreeRTOS/Source/portable/GCC/ARM_CM4F/port.o
 .debug_info    0x000000000001fe00      0xbea Middlewares/Third_Party/FreeRTOS/Source/portable/MemMang/heap_4.o

.debug_abbrev   0x0000000000000000     0x3b5e
 .debug_abbrev  0x0000000000000000      0x126 Core/Src/app_freertos.o
 .debug_abbrev  0x0000000000000126      0x12e Core/Src/dma.o
 .debug_abbrev  0x0000000000000254      0x173 Core/Src/fdcan.o
 .debug_abbrev  0x00000000000003c7      0x134 Core/Src/gpio.o
 .debug_abbrev  0x00000000000004fb      0x1ce Core/Src/main.o
 .debug_abbrev  0x00000000000006c9      0x125 Core/Src/stm32g4xx_hal_msp.o
 .debug_abbrev  0x00000000000007ee      0x1c8 Core/Src/stm32g4xx_hal_timebase_tim.o
 .debug_abbrev  0x00000000000009b6      0x185 Core/Src/stm32g4xx_it.o
 .debug_abbrev  0x0000000000000b3b      0x147 Core/Src/system_stm32g4xx.o
 .debug_abbrev  0x0000000000000c82      0x1f4 Core/Src/usart.o
 .debug_abbrev  0x0000000000000e76       0x12 Core/Startup/startup_stm32g431rbtx.o
 .debug_abbrev  0x0000000000000e88      0x1fb Drivers/STM32G4xx_HAL_Driver/Src/stm32g4xx_hal.o
 .debug_abbrev  0x0000000000001083      0x2f1 Drivers/STM32G4xx_HAL_Driver/Src/stm32g4xx_hal_cortex.o
 .debug_abbrev  0x0000000000001374      0x1d9 Drivers/STM32G4xx_HAL_Driver/Src/stm32g4xx_hal_dma.o
 .debug_abbrev  0x000000000000154d      0x1be Drivers/STM32G4xx_HAL_Driver/Src/stm32g4xx_hal_fdcan.o
 .debug_abbrev  0x000000000000170b      0x1c0 Drivers/STM32G4xx_HAL_Driver/Src/stm32g4xx_hal_gpio.o
 .debug_abbrev  0x00000000000018cb      0x1fd Drivers/STM32G4xx_HAL_Driver/Src/stm32g4xx_hal_pwr_ex.o
 .debug_abbrev  0x0000000000001ac8      0x245 Drivers/STM32G4xx_HAL_Driver/Src/stm32g4xx_hal_rcc.o
 .debug_abbrev  0x0000000000001d0d      0x204 Drivers/STM32G4xx_HAL_Driver/Src/stm32g4xx_hal_rcc_ex.o
 .debug_abbrev  0x0000000000001f11      0x25b Drivers/STM32G4xx_HAL_Driver/Src/stm32g4xx_hal_tim.o
 .debug_abbrev  0x000000000000216c      0x261 Drivers/STM32G4xx_HAL_Driver/Src/stm32g4xx_hal_tim_ex.o
 .debug_abbrev  0x00000000000023cd      0x212 Drivers/STM32G4xx_HAL_Driver/Src/stm32g4xx_hal_uart.o
 .debug_abbrev  0x00000000000025df      0x1e2 Drivers/STM32G4xx_HAL_Driver/Src/stm32g4xx_hal_uart_ex.o
 .debug_abbrev  0x00000000000027c1      0x3c3 Middlewares/Third_Party/FreeRTOS/Source/CMSIS_RTOS_V2/cmsis_os2.o
 .debug_abbrev  0x0000000000002b84      0x1cf Middlewares/Third_Party/FreeRTOS/Source/list.o
 .debug_abbrev  0x0000000000002d53      0x336 Middlewares/Third_Party/FreeRTOS/Source/queue.o
 .debug_abbrev  0x0000000000003089      0x350 Middlewares/Third_Party/FreeRTOS/Source/tasks.o
 .debug_abbrev  0x00000000000033d9      0x2d7 Middlewares/Third_Party/FreeRTOS/Source/timers.o
 .debug_abbrev  0x00000000000036b0      0x210 Middlewares/Third_Party/FreeRTOS/Source/portable/GCC/ARM_CM4F/port.o
 .debug_abbrev  0x00000000000038c0      0x29e Middlewares/Third_Party/FreeRTOS/Source/portable/MemMang/heap_4.o

.debug_aranges  0x0000000000000000     0x1a40
 .debug_aranges
                0x0000000000000000       0x28 Core/Src/app_freertos.o
 .debug_aranges
                0x0000000000000028       0x20 Core/Src/dma.o
 .debug_aranges
                0x0000000000000048       0x30 Core/Src/fdcan.o
 .debug_aranges
                0x0000000000000078       0x20 Core/Src/gpio.o
 .debug_aranges
                0x0000000000000098       0x38 Core/Src/main.o
 .debug_aranges
                0x00000000000000d0       0x20 Core/Src/stm32g4xx_hal_msp.o
 .debug_aranges
                0x00000000000000f0       0x30 Core/Src/stm32g4xx_hal_timebase_tim.o
 .debug_aranges
                0x0000000000000120       0x78 Core/Src/stm32g4xx_it.o
 .debug_aranges
                0x0000000000000198       0x28 Core/Src/system_stm32g4xx.o
 .debug_aranges
                0x00000000000001c0       0x50 Core/Src/usart.o
 .debug_aranges
                0x0000000000000210       0x28 Core/Startup/startup_stm32g431rbtx.o
 .debug_aranges
                0x0000000000000238      0x130 Drivers/STM32G4xx_HAL_Driver/Src/stm32g4xx_hal.o
 .debug_aranges
                0x0000000000000368      0x118 Drivers/STM32G4xx_HAL_Driver/Src/stm32g4xx_hal_cortex.o
 .debug_aranges
                0x0000000000000480       0x90 Drivers/STM32G4xx_HAL_Driver/Src/stm32g4xx_hal_dma.o
 .debug_aranges
                0x0000000000000510      0x208 Drivers/STM32G4xx_HAL_Driver/Src/stm32g4xx_hal_fdcan.o
 .debug_aranges
                0x0000000000000718       0x58 Drivers/STM32G4xx_HAL_Driver/Src/stm32g4xx_hal_gpio.o
 .debug_aranges
                0x0000000000000770      0x140 Drivers/STM32G4xx_HAL_Driver/Src/stm32g4xx_hal_pwr_ex.o
 .debug_aranges
                0x00000000000008b0       0x98 Drivers/STM32G4xx_HAL_Driver/Src/stm32g4xx_hal_rcc.o
 .debug_aranges
                0x0000000000000948       0xb0 Drivers/STM32G4xx_HAL_Driver/Src/stm32g4xx_hal_rcc_ex.o
 .debug_aranges
                0x00000000000009f8      0x3e0 Drivers/STM32G4xx_HAL_Driver/Src/stm32g4xx_hal_tim.o
 .debug_aranges
                0x0000000000000dd8      0x240 Drivers/STM32G4xx_HAL_Driver/Src/stm32g4xx_hal_tim_ex.o
 .debug_aranges
                0x0000000000001018      0x230 Drivers/STM32G4xx_HAL_Driver/Src/stm32g4xx_hal_uart.o
 .debug_aranges
                0x0000000000001248       0x88 Drivers/STM32G4xx_HAL_Driver/Src/stm32g4xx_hal_uart_ex.o
 .debug_aranges
                0x00000000000012d0      0x228 Middlewares/Third_Party/FreeRTOS/Source/CMSIS_RTOS_V2/cmsis_os2.o
 .debug_aranges
                0x00000000000014f8       0x40 Middlewares/Third_Party/FreeRTOS/Source/list.o
 .debug_aranges
                0x0000000000001538      0x158 Middlewares/Third_Party/FreeRTOS/Source/queue.o
 .debug_aranges
                0x0000000000001690      0x1f8 Middlewares/Third_Party/FreeRTOS/Source/tasks.o
 .debug_aranges
                0x0000000000001888       0xe8 Middlewares/Third_Party/FreeRTOS/Source/timers.o
 .debug_aranges
                0x0000000000001970       0x80 Middlewares/Third_Party/FreeRTOS/Source/portable/GCC/ARM_CM4F/port.o
 .debug_aranges
                0x00000000000019f0       0x50 Middlewares/Third_Party/FreeRTOS/Source/portable/MemMang/heap_4.o

.debug_ranges   0x0000000000000000     0x1868
 .debug_ranges  0x0000000000000000       0x18 Core/Src/app_freertos.o
 .debug_ranges  0x0000000000000018       0x10 Core/Src/dma.o
 .debug_ranges  0x0000000000000028       0x20 Core/Src/fdcan.o
 .debug_ranges  0x0000000000000048       0x10 Core/Src/gpio.o
 .debug_ranges  0x0000000000000058       0x28 Core/Src/main.o
 .debug_ranges  0x0000000000000080       0x10 Core/Src/stm32g4xx_hal_msp.o
 .debug_ranges  0x0000000000000090       0x20 Core/Src/stm32g4xx_hal_timebase_tim.o
 .debug_ranges  0x00000000000000b0       0x68 Core/Src/stm32g4xx_it.o
 .debug_ranges  0x0000000000000118       0x18 Core/Src/system_stm32g4xx.o
 .debug_ranges  0x0000000000000130       0x40 Core/Src/usart.o
 .debug_ranges  0x0000000000000170       0x20 Core/Startup/startup_stm32g431rbtx.o
 .debug_ranges  0x0000000000000190      0x120 Drivers/STM32G4xx_HAL_Driver/Src/stm32g4xx_hal.o
 .debug_ranges  0x00000000000002b0      0x108 Drivers/STM32G4xx_HAL_Driver/Src/stm32g4xx_hal_cortex.o
 .debug_ranges  0x00000000000003b8       0x80 Drivers/STM32G4xx_HAL_Driver/Src/stm32g4xx_hal_dma.o
 .debug_ranges  0x0000000000000438      0x1f8 Drivers/STM32G4xx_HAL_Driver/Src/stm32g4xx_hal_fdcan.o
 .debug_ranges  0x0000000000000630       0x48 Drivers/STM32G4xx_HAL_Driver/Src/stm32g4xx_hal_gpio.o
 .debug_ranges  0x0000000000000678      0x130 Drivers/STM32G4xx_HAL_Driver/Src/stm32g4xx_hal_pwr_ex.o
 .debug_ranges  0x00000000000007a8       0x88 Drivers/STM32G4xx_HAL_Driver/Src/stm32g4xx_hal_rcc.o
 .debug_ranges  0x0000000000000830       0xa0 Drivers/STM32G4xx_HAL_Driver/Src/stm32g4xx_hal_rcc_ex.o
 .debug_ranges  0x00000000000008d0      0x3d0 Drivers/STM32G4xx_HAL_Driver/Src/stm32g4xx_hal_tim.o
 .debug_ranges  0x0000000000000ca0      0x230 Drivers/STM32G4xx_HAL_Driver/Src/stm32g4xx_hal_tim_ex.o
 .debug_ranges  0x0000000000000ed0      0x220 Drivers/STM32G4xx_HAL_Driver/Src/stm32g4xx_hal_uart.o
 .debug_ranges  0x00000000000010f0       0x78 Drivers/STM32G4xx_HAL_Driver/Src/stm32g4xx_hal_uart_ex.o
 .debug_ranges  0x0000000000001168      0x218 Middlewares/Third_Party/FreeRTOS/Source/CMSIS_RTOS_V2/cmsis_os2.o
 .debug_ranges  0x0000000000001380       0x30 Middlewares/Third_Party/FreeRTOS/Source/list.o
 .debug_ranges  0x00000000000013b0      0x148 Middlewares/Third_Party/FreeRTOS/Source/queue.o
 .debug_ranges  0x00000000000014f8      0x1e8 Middlewares/Third_Party/FreeRTOS/Source/tasks.o
 .debug_ranges  0x00000000000016e0       0xd8 Middlewares/Third_Party/FreeRTOS/Source/timers.o
 .debug_ranges  0x00000000000017b8       0x70 Middlewares/Third_Party/FreeRTOS/Source/portable/GCC/ARM_CM4F/port.o
 .debug_ranges  0x0000000000001828       0x40 Middlewares/Third_Party/FreeRTOS/Source/portable/MemMang/heap_4.o

.debug_macro    0x0000000000000000    0x20b04
 .debug_macro   0x0000000000000000      0x271 Core/Src/app_freertos.o
 .debug_macro   0x0000000000000271      0xa5a Core/Src/app_freertos.o
 .debug_macro   0x0000000000000ccb      0x174 Core/Src/app_freertos.o
 .debug_macro   0x0000000000000e3f       0x22 Core/Src/app_freertos.o
 .debug_macro   0x0000000000000e61       0x8e Core/Src/app_freertos.o
 .debug_macro   0x0000000000000eef       0x51 Core/Src/app_freertos.o
 .debug_macro   0x0000000000000f40       0xef Core/Src/app_freertos.o
 .debug_macro   0x000000000000102f       0x6a Core/Src/app_freertos.o
 .debug_macro   0x0000000000001099      0x1df Core/Src/app_freertos.o
 .debug_macro   0x0000000000001278      0x137 Core/Src/app_freertos.o
 .debug_macro   0x00000000000013af      0x15a Core/Src/app_freertos.o
 .debug_macro   0x0000000000001509       0xc9 Core/Src/app_freertos.o
 .debug_macro   0x00000000000015d2       0x1c Core/Src/app_freertos.o
 .debug_macro   0x00000000000015ee       0x26 Core/Src/app_freertos.o
 .debug_macro   0x0000000000001614      0x4b0 Core/Src/app_freertos.o
 .debug_macro   0x0000000000001ac4       0xb5 Core/Src/app_freertos.o
 .debug_macro   0x0000000000001b79       0xaa Core/Src/app_freertos.o
 .debug_macro   0x0000000000001c23      0x161 Core/Src/app_freertos.o
 .debug_macro   0x0000000000001d84       0x2e Core/Src/app_freertos.o
 .debug_macro   0x0000000000001db2       0x28 Core/Src/app_freertos.o
 .debug_macro   0x0000000000001dda       0x1c Core/Src/app_freertos.o
 .debug_macro   0x0000000000001df6       0x22 Core/Src/app_freertos.o
 .debug_macro   0x0000000000001e18      0x101 Core/Src/app_freertos.o
 .debug_macro   0x0000000000001f19     0x1011 Core/Src/app_freertos.o
 .debug_macro   0x0000000000002f2a      0x11f Core/Src/app_freertos.o
 .debug_macro   0x0000000000003049    0x1138f Core/Src/app_freertos.o
 .debug_macro   0x00000000000143d8       0x43 Core/Src/app_freertos.o
 .debug_macro   0x000000000001441b     0x34ed Core/Src/app_freertos.o
 .debug_macro   0x0000000000017908       0x5a Core/Src/app_freertos.o
 .debug_macro   0x0000000000017962     0x13de Core/Src/app_freertos.o
 .debug_macro   0x0000000000018d40      0x535 Core/Src/app_freertos.o
 .debug_macro   0x0000000000019275      0x137 Core/Src/app_freertos.o
 .debug_macro   0x00000000000193ac      0x289 Core/Src/app_freertos.o
 .debug_macro   0x0000000000019635      0x41d Core/Src/app_freertos.o
 .debug_macro   0x0000000000019a52      0x18b Core/Src/app_freertos.o
 .debug_macro   0x0000000000019bdd       0x43 Core/Src/app_freertos.o
 .debug_macro   0x0000000000019c20      0x23d Core/Src/app_freertos.o
 .debug_macro   0x0000000000019e5d      0x212 Core/Src/app_freertos.o
 .debug_macro   0x000000000001a06f      0x6af Core/Src/app_freertos.o
 .debug_macro   0x000000000001a71e      0x401 Core/Src/app_freertos.o
 .debug_macro   0x000000000001ab1f      0x107 Core/Src/app_freertos.o
 .debug_macro   0x000000000001ac26      0x122 Core/Src/app_freertos.o
 .debug_macro   0x000000000001ad48      0x3d1 Core/Src/app_freertos.o
 .debug_macro   0x000000000001b119      0xbbe Core/Src/app_freertos.o
 .debug_macro   0x000000000001bcd7      0x47e Core/Src/app_freertos.o
 .debug_macro   0x000000000001c155      0x662 Core/Src/app_freertos.o
 .debug_macro   0x000000000001c7b7       0xa6 Core/Src/app_freertos.o
 .debug_macro   0x000000000001c85d      0x307 Core/Src/app_freertos.o
 .debug_macro   0x000000000001cb64       0x58 Core/Src/app_freertos.o
 .debug_macro   0x000000000001cbbc       0x6c Core/Src/app_freertos.o
 .debug_macro   0x000000000001cc28       0x74 Core/Src/app_freertos.o
 .debug_macro   0x000000000001cc9c       0xdd Core/Src/app_freertos.o
 .debug_macro   0x000000000001cd79      0x1f1 Core/Src/dma.o
 .debug_macro   0x000000000001cf6a      0x1f1 Core/Src/fdcan.o
 .debug_macro   0x000000000001d15b      0x1f1 Core/Src/gpio.o
 .debug_macro   0x000000000001d34c      0x2a3 Core/Src/main.o
 .debug_macro   0x000000000001d5ef      0x137 Core/Src/main.o
 .debug_macro   0x000000000001d726       0x66 Core/Src/main.o
 .debug_macro   0x000000000001d78c      0x1e7 Core/Src/stm32g4xx_hal_msp.o
 .debug_macro   0x000000000001d973      0x1d8 Core/Src/stm32g4xx_hal_timebase_tim.o
 .debug_macro   0x000000000001db4b      0x1f1 Core/Src/stm32g4xx_it.o
 .debug_macro   0x000000000001dd3c      0x1de Core/Src/system_stm32g4xx.o
 .debug_macro   0x000000000001df1a      0x1f7 Core/Src/usart.o
 .debug_macro   0x000000000001e111      0x226 Drivers/STM32G4xx_HAL_Driver/Src/stm32g4xx_hal.o
 .debug_macro   0x000000000001e337      0x1d8 Drivers/STM32G4xx_HAL_Driver/Src/stm32g4xx_hal_cortex.o
 .debug_macro   0x000000000001e50f      0x1d8 Drivers/STM32G4xx_HAL_Driver/Src/stm32g4xx_hal_dma.o
 .debug_macro   0x000000000001e6e7      0x2ea Drivers/STM32G4xx_HAL_Driver/Src/stm32g4xx_hal_fdcan.o
 .debug_macro   0x000000000001e9d1      0x210 Drivers/STM32G4xx_HAL_Driver/Src/stm32g4xx_hal_gpio.o
 .debug_macro   0x000000000001ebe1      0x202 Drivers/STM32G4xx_HAL_Driver/Src/stm32g4xx_hal_pwr_ex.o
 .debug_macro   0x000000000001ede3      0x214 Drivers/STM32G4xx_HAL_Driver/Src/stm32g4xx_hal_rcc.o
 .debug_macro   0x000000000001eff7      0x202 Drivers/STM32G4xx_HAL_Driver/Src/stm32g4xx_hal_rcc_ex.o
 .debug_macro   0x000000000001f1f9      0x1e0 Drivers/STM32G4xx_HAL_Driver/Src/stm32g4xx_hal_tim.o
 .debug_macro   0x000000000001f3d9      0x1de Drivers/STM32G4xx_HAL_Driver/Src/stm32g4xx_hal_tim_ex.o
 .debug_macro   0x000000000001f5b7      0x203 Drivers/STM32G4xx_HAL_Driver/Src/stm32g4xx_hal_uart.o
 .debug_macro   0x000000000001f7ba      0x1e4 Drivers/STM32G4xx_HAL_Driver/Src/stm32g4xx_hal_uart_ex.o
 .debug_macro   0x000000000001f99e      0x23a Middlewares/Third_Party/FreeRTOS/Source/CMSIS_RTOS_V2/cmsis_os2.o
 .debug_macro   0x000000000001fbd8       0x10 Middlewares/Third_Party/FreeRTOS/Source/CMSIS_RTOS_V2/cmsis_os2.o
 .debug_macro   0x000000000001fbe8       0x20 Middlewares/Third_Party/FreeRTOS/Source/CMSIS_RTOS_V2/cmsis_os2.o
 .debug_macro   0x000000000001fc08       0x10 Middlewares/Third_Party/FreeRTOS/Source/CMSIS_RTOS_V2/cmsis_os2.o
 .debug_macro   0x000000000001fc18       0xf5 Middlewares/Third_Party/FreeRTOS/Source/CMSIS_RTOS_V2/cmsis_os2.o
 .debug_macro   0x000000000001fd0d       0x91 Middlewares/Third_Party/FreeRTOS/Source/CMSIS_RTOS_V2/cmsis_os2.o
 .debug_macro   0x000000000001fd9e       0x8d Middlewares/Third_Party/FreeRTOS/Source/CMSIS_RTOS_V2/cmsis_os2.o
 .debug_macro   0x000000000001fe2b       0x9a Middlewares/Third_Party/FreeRTOS/Source/CMSIS_RTOS_V2/cmsis_os2.o
 .debug_macro   0x000000000001fec5      0x17a Middlewares/Third_Party/FreeRTOS/Source/list.o
 .debug_macro   0x000000000002003f      0x209 Middlewares/Third_Party/FreeRTOS/Source/queue.o
 .debug_macro   0x0000000000020248       0x16 Middlewares/Third_Party/FreeRTOS/Source/queue.o
 .debug_macro   0x000000000002025e       0x87 Middlewares/Third_Party/FreeRTOS/Source/queue.o
 .debug_macro   0x00000000000202e5      0x272 Middlewares/Third_Party/FreeRTOS/Source/tasks.o
 .debug_macro   0x0000000000020557       0x10 Middlewares/Third_Party/FreeRTOS/Source/tasks.o
 .debug_macro   0x0000000000020567      0x1cf Middlewares/Third_Party/FreeRTOS/Source/timers.o
 .debug_macro   0x0000000000020736       0x97 Middlewares/Third_Party/FreeRTOS/Source/timers.o
 .debug_macro   0x00000000000207cd      0x196 Middlewares/Third_Party/FreeRTOS/Source/portable/GCC/ARM_CM4F/port.o
 .debug_macro   0x0000000000020963      0x1a1 Middlewares/Third_Party/FreeRTOS/Source/portable/MemMang/heap_4.o

.debug_line     0x0000000000000000    0x15b26
 .debug_line    0x0000000000000000      0x83b Core/Src/app_freertos.o
 .debug_line    0x000000000000083b      0x6cd Core/Src/dma.o
 .debug_line    0x0000000000000f08      0x70f Core/Src/fdcan.o
 .debug_line    0x0000000000001617      0x6da Core/Src/gpio.o
 .debug_line    0x0000000000001cf1      0x8a8 Core/Src/main.o
 .debug_line    0x0000000000002599      0x6d2 Core/Src/stm32g4xx_hal_msp.o
 .debug_line    0x0000000000002c6b      0x707 Core/Src/stm32g4xx_hal_timebase_tim.o
 .debug_line    0x0000000000003372      0x7ad Core/Src/stm32g4xx_it.o
 .debug_line    0x0000000000003b1f      0x6eb Core/Src/system_stm32g4xx.o
 .debug_line    0x000000000000420a      0x7fe Core/Src/usart.o
 .debug_line    0x0000000000004a08       0x89 Core/Startup/startup_stm32g431rbtx.o
 .debug_line    0x0000000000004a91      0x971 Drivers/STM32G4xx_HAL_Driver/Src/stm32g4xx_hal.o
 .debug_line    0x0000000000005402      0x9f9 Drivers/STM32G4xx_HAL_Driver/Src/stm32g4xx_hal_cortex.o
 .debug_line    0x0000000000005dfb      0x93a Drivers/STM32G4xx_HAL_Driver/Src/stm32g4xx_hal_dma.o
 .debug_line    0x0000000000006735      0xea2 Drivers/STM32G4xx_HAL_Driver/Src/stm32g4xx_hal_fdcan.o
 .debug_line    0x00000000000075d7      0x873 Drivers/STM32G4xx_HAL_Driver/Src/stm32g4xx_hal_gpio.o
 .debug_line    0x0000000000007e4a      0xa5c Drivers/STM32G4xx_HAL_Driver/Src/stm32g4xx_hal_pwr_ex.o
 .debug_line    0x00000000000088a6      0x9b0 Drivers/STM32G4xx_HAL_Driver/Src/stm32g4xx_hal_rcc.o
 .debug_line    0x0000000000009256      0xb5a Drivers/STM32G4xx_HAL_Driver/Src/stm32g4xx_hal_rcc_ex.o
 .debug_line    0x0000000000009db0     0x27ef Drivers/STM32G4xx_HAL_Driver/Src/stm32g4xx_hal_tim.o
 .debug_line    0x000000000000c59f     0x1816 Drivers/STM32G4xx_HAL_Driver/Src/stm32g4xx_hal_tim_ex.o
 .debug_line    0x000000000000ddb5     0x1364 Drivers/STM32G4xx_HAL_Driver/Src/stm32g4xx_hal_uart.o
 .debug_line    0x000000000000f119      0x942 Drivers/STM32G4xx_HAL_Driver/Src/stm32g4xx_hal_uart_ex.o
 .debug_line    0x000000000000fa5b     0x1de6 Middlewares/Third_Party/FreeRTOS/Source/CMSIS_RTOS_V2/cmsis_os2.o
 .debug_line    0x0000000000011841      0x63f Middlewares/Third_Party/FreeRTOS/Source/list.o
 .debug_line    0x0000000000011e80     0x10d4 Middlewares/Third_Party/FreeRTOS/Source/queue.o
 .debug_line    0x0000000000012f54     0x13dc Middlewares/Third_Party/FreeRTOS/Source/tasks.o
 .debug_line    0x0000000000014330      0xa52 Middlewares/Third_Party/FreeRTOS/Source/timers.o
 .debug_line    0x0000000000014d82      0x67f Middlewares/Third_Party/FreeRTOS/Source/portable/GCC/ARM_CM4F/port.o
 .debug_line    0x0000000000015401      0x725 Middlewares/Third_Party/FreeRTOS/Source/portable/MemMang/heap_4.o

.debug_str      0x0000000000000000    0xd3b6f
 .debug_str     0x0000000000000000    0xc4bf3 Core/Src/app_freertos.o
                                      0xc4ee8 (size before relaxing)
 .debug_str     0x00000000000c4bf3      0x5bb Core/Src/dma.o
                                      0xc081b (size before relaxing)
 .debug_str     0x00000000000c51ae      0x3d7 Core/Src/fdcan.o
                                      0xc0795 (size before relaxing)
 .debug_str     0x00000000000c5585       0x46 Core/Src/gpio.o
                                      0xc0452 (size before relaxing)
 .debug_str     0x00000000000c55cb      0xa24 Core/Src/main.o
                                      0xc589e (size before relaxing)
 .debug_str     0x00000000000c5fef       0x2c Core/Src/stm32g4xx_hal_msp.o
                                      0xc03cb (size before relaxing)
 .debug_str     0x00000000000c601b       0xaa Core/Src/stm32g4xx_hal_timebase_tim.o
                                      0xc0da2 (size before relaxing)
 .debug_str     0x00000000000c60c5      0x11c Core/Src/stm32g4xx_it.o
                                      0xc0b7b (size before relaxing)
 .debug_str     0x00000000000c61e1       0xc6 Core/Src/system_stm32g4xx.o
                                      0xc0312 (size before relaxing)
 .debug_str     0x00000000000c62a7       0xd7 Core/Src/usart.o
                                      0xc0e59 (size before relaxing)
 .debug_str     0x00000000000c637e       0x36 Core/Startup/startup_stm32g431rbtx.o
                                         0x6b (size before relaxing)
 .debug_str     0x00000000000c63b4      0x550 Drivers/STM32G4xx_HAL_Driver/Src/stm32g4xx_hal.o
                                      0xc0dd0 (size before relaxing)
 .debug_str     0x00000000000c6904      0x380 Drivers/STM32G4xx_HAL_Driver/Src/stm32g4xx_hal_cortex.o
                                      0xc0ad8 (size before relaxing)
 .debug_str     0x00000000000c6c84      0x2ce Drivers/STM32G4xx_HAL_Driver/Src/stm32g4xx_hal_dma.o
                                      0xc06d0 (size before relaxing)
 .debug_str     0x00000000000c6f52     0x1333 Drivers/STM32G4xx_HAL_Driver/Src/stm32g4xx_hal_fdcan.o
                                      0xc1869 (size before relaxing)
 .debug_str     0x00000000000c8285      0x21c Drivers/STM32G4xx_HAL_Driver/Src/stm32g4xx_hal_gpio.o
                                      0xc056b (size before relaxing)
 .debug_str     0x00000000000c84a1      0x4d2 Drivers/STM32G4xx_HAL_Driver/Src/stm32g4xx_hal_pwr_ex.o
                                      0xc07f1 (size before relaxing)
 .debug_str     0x00000000000c8973      0x3a1 Drivers/STM32G4xx_HAL_Driver/Src/stm32g4xx_hal_rcc.o
                                      0xc0877 (size before relaxing)
 .debug_str     0x00000000000c8d14      0x3f2 Drivers/STM32G4xx_HAL_Driver/Src/stm32g4xx_hal_rcc_ex.o
                                      0xc0990 (size before relaxing)
 .debug_str     0x00000000000c9106      0xea2 Drivers/STM32G4xx_HAL_Driver/Src/stm32g4xx_hal_tim.o
                                      0xc16b3 (size before relaxing)
 .debug_str     0x00000000000c9fa8      0xa8c Drivers/STM32G4xx_HAL_Driver/Src/stm32g4xx_hal_tim_ex.o
                                      0xc1377 (size before relaxing)
 .debug_str     0x00000000000caa34      0x90d Drivers/STM32G4xx_HAL_Driver/Src/stm32g4xx_hal_uart.o
                                      0xc10cc (size before relaxing)
 .debug_str     0x00000000000cb341      0x286 Drivers/STM32G4xx_HAL_Driver/Src/stm32g4xx_hal_uart_ex.o
                                      0xc08cf (size before relaxing)
 .debug_str     0x00000000000cb5c7     0x57a2 Middlewares/Third_Party/FreeRTOS/Source/CMSIS_RTOS_V2/cmsis_os2.o
                                       0xe40f (size before relaxing)
 .debug_str     0x00000000000d0d69      0x219 Middlewares/Third_Party/FreeRTOS/Source/list.o
                                       0xa66e (size before relaxing)
 .debug_str     0x00000000000d0f82      0x92e Middlewares/Third_Party/FreeRTOS/Source/queue.o
                                       0xbfcd (size before relaxing)
 .debug_str     0x00000000000d18b0     0x1269 Middlewares/Third_Party/FreeRTOS/Source/tasks.o
                                       0xcb04 (size before relaxing)
 .debug_str     0x00000000000d2b19      0x602 Middlewares/Third_Party/FreeRTOS/Source/timers.o
                                       0xc54a (size before relaxing)
 .debug_str     0x00000000000d311b      0x803 Middlewares/Third_Party/FreeRTOS/Source/portable/GCC/ARM_CM4F/port.o
                                       0x8437 (size before relaxing)
 .debug_str     0x00000000000d391e      0x251 Middlewares/Third_Party/FreeRTOS/Source/portable/MemMang/heap_4.o