stm32g4xx_it.c:76:6:NMI_Handler	4	static
stm32g4xx_it.c:89:6:HardFault_Handler	4	static
stm32g4xx_it.c:104:6:MemManage_Handler	4	static
stm32g4xx_it.c:119:6:BusFault_Handler	4	static
stm32g4xx_it.c:134:6:UsageFault_Handler	4	static
stm32g4xx_it.c:149:6:DebugMon_Handler	4	static
stm32g4xx_it.c:169:6:DMA1_Channel1_IRQHandler	8	static
stm32g4xx_it.c:183:6:TIM1_UP_TIM16_IRQHandler	8	static
stm32g4xx_it.c:197:6:USART1_IRQHandler	8	static
stm32g4xx_it.c:211:6:USART3_IRQHandler	8	static
stm32g4xx_it.c:225:6:UART4_IRQHandler	8	static
stm32g4xx_it.c:239:6:LPUART1_IRQHandler	8	static
